Component: ARM Compiler 5.06 update 4 (build 422) Tool: armlink [4d35d2]

==============================================================================

Section Cross References

    gfops.o(i.gfexp) refers to gfops.o(i.gfmult) for gfmult
    gfops.o(i.gfmult) refers to gfops.o(.data) for logt
    gfops.o(i.gfmvmul) refers to gfops.o(i.gfmult) for gfmult
    aes_funcs.o(i.MixCol) refers to gfops.o(i.gftimes2) for gftimes2
    aes_funcs.o(i.MixCol) refers to gfops.o(i.gfmult) for gfmult
    aes_funcs.o(i.SubByte) refers to aes_funcs.o(i.SubByte1) for SubByte1
    aes_funcs.o(i.SubByte1) refers to secops.o(i.qPow2) for qPow2
    aes_funcs.o(i.SubByte1) refers to secops.o(i.Multiplication) for Multiplication
    aes_funcs.o(i.SubByte1) refers to secops.o(i.qPow4) for qPow4
    aes_funcs.o(i.SubByte1) refers to aes_funcs.o(i.SubByte2) for SubByte2
    aes_funcs.o(i.SubByte2) refers to secops.o(i.qPow2) for qPow2
    aes_funcs.o(i.SubByte2) refers to gfops.o(i.gfmult) for gfmult
    aes_funcs.o(i.addRoundKey) refers to secops.o(i.Addition) for Addition
    aes_funcs.o(i.nextKey) refers to secops.o(i.Addition) for Addition
    aes_funcs.o(i.nextKey) refers to aes_funcs.o(i.SubByte1) for SubByte1
    secops.o(i.Multiplication) refers to gfops.o(i.gfmult) for gfmult
    secops.o(i.Multiplication) refers to secops.o(i.getrn) for getrn
    secops.o(i.Multiplication) refers to gfops.o(i.gfexp) for gfexp
    secops.o(i.Multiplication) refers to secops.o(.data) for alpha
    secops.o(i.qPow16) refers to gfops.o(.data) for sqrLUT
    secops.o(i.qPow2) refers to gfops.o(.data) for sqrLUT
    secops.o(i.qPow4) refers to gfops.o(.data) for sqrLUT
    utils.o(i.Print) refers to gfops.o(i.gfmvmul) for gfmvmul
    utils.o(i.Print) refers to secops.o(.data) for InvVand
    utils.o(i.rdser) refers to utils.o(i.stdin_getchar) for stdin_getchar
    main.o(i.main) refers to _printf_pad.o(.text) for _printf_pre_padding
    main.o(i.main) refers to _printf_percent.o(.ARM.Collect$$_printf_percent$$00000000) for _printf_percent
    main.o(i.main) refers to _printf_x.o(.ARM.Collect$$_printf_percent$$0000000C) for _printf_x
    main.o(i.main) refers to _printf_hex_int.o(.text) for _printf_longlong_hex
    main.o(i.main) refers to main.o(i.SystemClock_Config) for SystemClock_Config
    main.o(i.main) refers to utils.o(i.mystdout_init) for mystdout_init
    main.o(i.main) refers to utils.o(i.ConfigureRNG) for ConfigureRNG
    main.o(i.main) refers to utils.o(i.rdser) for rdser
    main.o(i.main) refers to utils.o(i.str2hex) for str2hex
    main.o(i.main) refers to noretval__2printf.o(.text) for __2printf
    main.o(i.main) refers to raes.o(i.share) for share
    main.o(i.main) refers to raes.o(i.encrypt) for encrypt
    main.o(i.main) refers to utils.o(i.Print) for Print
    raes.o(i.encrypt) refers to aes_funcs.o(i.addRoundKey) for addRoundKey
    raes.o(i.encrypt) refers to aes_funcs.o(i.SubByte) for SubByte
    raes.o(i.encrypt) refers to aes_funcs.o(i.ShiftRows) for ShiftRows
    raes.o(i.encrypt) refers to aes_funcs.o(i.MixCol) for MixCol
    raes.o(i.encrypt) refers to aes_funcs.o(i.nextKey) for nextKey
    raes.o(i.share) refers to secops.o(i.getrn) for getrn
    raes.o(i.share) refers to secops.o(i.getnonzerorn) for getnonzerorn
    raes.o(i.share) refers to gfops.o(i.gfexp) for gfexp
    raes.o(i.share) refers to gfops.o(i.gfmult) for gfmult
    raes.o(i.share) refers to secops.o(.data) for alpha
    retarget_io.o(i._sys_open) refers to strcmp.o(.text) for strcmp
    retarget_io.o(i._sys_write) refers to utils.o(i.stdout_putchar) for stdout_putchar
    startup_stm32l053xx.o(STACK) refers (Special) to heapauxi.o(.text) for __use_two_region_memory
    startup_stm32l053xx.o(HEAP) refers (Special) to heapauxi.o(.text) for __use_two_region_memory
    startup_stm32l053xx.o(RESET) refers (Special) to heapauxi.o(.text) for __use_two_region_memory
    startup_stm32l053xx.o(RESET) refers to startup_stm32l053xx.o(STACK) for __initial_sp
    startup_stm32l053xx.o(RESET) refers to startup_stm32l053xx.o(.text) for Reset_Handler
    startup_stm32l053xx.o(.text) refers (Special) to heapauxi.o(.text) for __use_two_region_memory
    startup_stm32l053xx.o(.text) refers to system_stm32l0xx.o(i.SystemInit) for SystemInit
    startup_stm32l053xx.o(.text) refers to __main.o(!!!main) for __main
    startup_stm32l053xx.o(.text) refers to startup_stm32l053xx.o(HEAP) for Heap_Mem
    startup_stm32l053xx.o(.text) refers to startup_stm32l053xx.o(STACK) for Stack_Mem
    system_stm32l0xx.o(i.SystemCoreClockUpdate) refers to aeabi_sdiv.o(.text) for __aeabi_uidivmod
    system_stm32l0xx.o(i.SystemCoreClockUpdate) refers to system_stm32l0xx.o(.data) for SystemCoreClock
    system_stm32l0xx.o(i.SystemCoreClockUpdate) refers to system_stm32l0xx.o(.constdata) for PLLMulTable
    __2printf.o(.text) refers to _printf_char_file.o(.text) for _printf_char_file
[...]
    libinit.o(.ARM.Collect$$libinit$$00000000) refers (Special) to libinit2.o(.ARM.Collect$$libinit$$0000000E) for __rt_lib_init_rand_1
    libinit.o(.ARM.Collect$$libinit$$00000000) refers (Special) to libinit2.o(.ARM.Collect$$libinit$$00000033) for __rt_lib_init_return
    libinit.o(.ARM.Collect$$libinit$$00000000) refers (Special) to libinit2.o(.ARM.Collect$$libinit$$0000001D) for __rt_lib_init_signal_1
    libinit.o(.ARM.Collect$$libinit$$00000000) refers (Special) to libinit2.o(.ARM.Collect$$libinit$$00000025) for __rt_lib_init_stdio_1
    libinit.o(.ARM.Collect$$libinit$$00000000) refers (Special) to libinit2.o(.ARM.Collect$$libinit$$0000000C) for __rt_lib_init_user_alloc_1
    libinit2.o(.ARM.Collect$$libinit$$00000005) refers (Weak) to init_alloc.o(.text) for _init_alloc
    libinit2.o(.ARM.Collect$$libinit$$00000010) refers to libinit2.o(.ARM.Collect$$libinit$$0000000F) for .ARM.Collect$$libinit$$0000000F
    libinit2.o(.ARM.Collect$$libinit$$00000012) refers to libinit2.o(.ARM.Collect$$libinit$$0000000F) for .ARM.Collect$$libinit$$0000000F
    libinit2.o(.ARM.Collect$$libinit$$00000014) refers to libinit2.o(.ARM.Collect$$libinit$$0000000F) for .ARM.Collect$$libinit$$0000000F
    libinit2.o(.ARM.Collect$$libinit$$00000016) refers to libinit2.o(.ARM.Collect$$libinit$$0000000F) for .ARM.Collect$$libinit$$0000000F
    libinit2.o(.ARM.Collect$$libinit$$00000018) refers to libinit2.o(.ARM.Collect$$libinit$$0000000F) for .ARM.Collect$$libinit$$0000000F
    libinit2.o(.ARM.Collect$$libinit$$00000024) refers (Weak) to initio.o(.text) for _initio
    libinit2.o(.ARM.Collect$$libinit$$00000026) refers to argv_veneer.o(.text) for __ARM_argv_veneer
    libinit2.o(.ARM.Collect$$libinit$$00000027) refers to argv_veneer.o(.text) for __ARM_argv_veneer
    libshutdown2.o(.ARM.Collect$$libshutdown$$00000003) refers (Weak) to initio.o(.text) for _terminateio
    libshutdown2.o(.ARM.Collect$$libshutdown$$0000000D) refers (Weak) to term_alloc.o(.text) for _terminate_alloc
    flsbuf_fwide.o(.text) refers to flsbuf.o(.text) for __flsbuf
    libspace.o(.text) refers to libspace.o(.bss) for __libspace_start
    rtexit.o(.ARM.Collect$$rtexit$$00000000) refers (Special) to rtexit2.o(.ARM.Collect$$rtexit$$00000004) for __rt_exit_exit
    rtexit.o(.ARM.Collect$$rtexit$$00000000) refers (Special) to rtexit2.o(.ARM.Collect$$rtexit$$00000003) for __rt_exit_ls
    rtexit.o(.ARM.Collect$$rtexit$$00000000) refers (Special) to rtexit2.o(.ARM.Collect$$rtexit$$00000002) for __rt_exit_prels_1
    rtexit.o(.ARM.exidx) refers (Special) to rtexit2.o(.ARM.Collect$$rtexit$$00000004) for __rt_exit_exit
    rtexit.o(.ARM.exidx) refers (Special) to rtexit2.o(.ARM.Collect$$rtexit$$00000003) for __rt_exit_ls
    rtexit.o(.ARM.exidx) refers (Special) to rtexit2.o(.ARM.Collect$$rtexit$$00000002) for __rt_exit_prels_1
    rtexit.o(.ARM.exidx) refers to rtexit.o(.ARM.Collect$$rtexit$$00000000) for .ARM.Collect$$rtexit$$00000000
    rt_raise.o(.text) refers to __raise.o(.text) for __raise
    rt_raise.o(.text) refers to sys_exit.o(.text) for _sys_exit
    rt_heap_descriptor.o(.text) refers to rt_heap_descriptor.o(.bss) for __rt_heap_descriptor_data
    rt_heap_descriptor_intlibspace.o(.text) refers to libspace.o(.bss) for __libspace_start
    init_alloc.o(.text) refers (Special) to hguard.o(.text) for __heap$guard
    init_alloc.o(.text) refers (Special) to libinit2.o(.ARM.Collect$$libinit$$00000005) for __rt_lib_init_heap_2
    init_alloc.o(.text) refers (Special) to maybetermalloc1.o(.emb_text) for _maybe_terminate_alloc
    init_alloc.o(.text) refers to h1_extend.o(.text) for __Heap_ProvideMemory
    init_alloc.o(.text) refers to defsig_rtmem_outer.o(.text) for __rt_SIGRTMEM
    init_alloc.o(.text) refers to rt_heap_descriptor_intlibspace.o(.text) for __rt_heap_descriptor
    init_alloc.o(.text) refers to h1_init.o(.text) for __Heap_Initialize
    malloc.o(.text) refers (Special) to hguard.o(.text) for __heap$guard
    malloc.o(.text) refers (Special) to init_alloc.o(.text) for _init_alloc
    malloc.o(.text) refers to rt_heap_descriptor_intlibspace.o(.text) for __rt_heap_descriptor
    h1_alloc.o(.text) refers (Special) to h1_init.o(.text) for __Heap_Initialize
    h1_alloc.o(.text) refers to rt_heap_descriptor_intlibspace.o(.text) for __rt_heap_descriptor
    h1_alloc.o(.text) refers to init_alloc.o(.text) for __Heap_Full
    h1_alloc_mt.o(.text) refers (Special) to h1_init.o(.text) for __Heap_Initialize
    h1_alloc_mt.o(.text) refers to init_alloc.o(.text) for __Heap_Full
    h1_alloc_mt.o(.text) refers to rt_heap_descriptor_intlibspace.o(.text) for __rt_heap_descriptor
    _printf_char_file_locked.o(.text) refers to _printf_char_common.o(.text) for _printf_char_common
    _printf_char_file_locked.o(.text) refers to fputc.o(i._fputc$unlocked) for _fputc$unlocked
    fseek.o(.text) refers to retarget_io.o(i._sys_istty) for _sys_istty
    fseek.o(.text) refers to ftell.o(.text) for _ftell_internal
    fseek.o(.text) refers to retarget_io.o(i._sys_flen) for _sys_flen
    fseek.o(.text) refers to stdio.o(.text) for _seterr
    stdio.o(.text) refers to retarget_io.o(i._sys_seek) for _sys_seek
    stdio.o(.text) refers to retarget_io.o(i._sys_write) for _sys_write
    fwritefast.o(.text) refers to stdio.o(.text) for _writebuf
    fwritefast.o(.text) refers to flsbuf.o(.text) for __flsbuf_byte
    fwritefast.o(.text) refers to rt_memcpy.o(.text) for __aeabi_memcpy
    fwritefast_locked.o(.text) refers to stdio.o(.text) for _writebuf
    fwritefast_locked.o(.text) refers to flsbuf.o(.text) for __flsbuf_byte
    fwritefast_locked.o(.text) refers to rt_memcpy.o(.text) for __aeabi_memcpy
    defsig_exit.o(.text) refers to sys_exit.o(.text) for _sys_exit
    defsig_fpe_inner.o(.text) refers to defsig_general.o(.text) for __default_signal_display
    defsig_rtred_inner.o(.text) refers to defsig_general.o(.text) for __default_signal_display
    assert_stdio.o(.text) refers to fputs.o(.text) for fputs
    assert_stdio.o(.text) refers to fflush.o(.text) for fflush
    assert_stdio.o(.text) refers to stdio_streams.o(.bss) for __stderr
    rt_memcpy.o(.text) refers to rt_memcpy.o(.emb_text) for __aeabi_memcpy4
    sys_exit.o(.text) refers (Special) to use_no_semi.o(.text) for __I$use$semihosting
    sys_exit.o(.text) refers (Special) to indicate_semi.o(.text) for __semihosting_library_function
    rtexit2.o(.ARM.Collect$$rtexit$$00000003) refers to libshutdown.o(.ARM.Collect$$libshutdown$$00000000) for __rt_lib_shutdown
    rtexit2.o(.ARM.Collect$$rtexit$$00000004) refers to sys_exit.o(.text) for _sys_exit
    rtexit2.o(.ARM.exidx) refers to rtexit2.o(.ARM.Collect$$rtexit$$00000001) for .ARM.Collect$$rtexit$$00000001
    rtexit2.o(.ARM.exidx) refers to rtexit2.o(.ARM.Collect$$rtexit$$00000003) for .ARM.Collect$$rtexit$$00000003
    rtexit2.o(.ARM.exidx) refers to rtexit2.o(.ARM.Collect$$rtexit$$00000004) for .ARM.Collect$$rtexit$$00000004
    maybetermalloc2.o(.emb_text) refers (Special) to term_alloc.o(.text) for _terminate_alloc
    h1_extend.o(.text) refers to h1_free.o(.text) for free
    h1_extend_mt.o(.text) refers to h1_free_mt.o(.text) for _free_internal
    fflush.o(.text) refers to stdio.o(.text) for _fflush
    fflush.o(.text) refers to fseek.o(.text) for _fseek
    fflush.o(.text) refers to stdio_streams.o(.bss) for __stdin
    fputs.o(.text) refers to fputc.o(i.fputc) for fputc
    ftell.o(.text) refers to rt_errno_addr_intlibspace.o(.text) for __aeabi_errno_addr
    fflush_locked.o(.text) refers to stdio.o(.text) for _fflush
    fflush_locked.o(.text) refers to fseek.o(.text) for _fseek
    fflush_locked.o(.text) refers to fflush.o(.text) for _do_fflush
    fflush_locked.o(.text) refers to streamlock.o(.data) for _stream_list_lock
    fflush_locked.o(.text) refers to stdio_streams.o(.bss) for __stdin
    __raise.o(.text) refers to defsig.o(CL$$defsig) for __default_signal_handler
    defsig_general.o(.text) refers to sys_wrch.o(.text) for _ttywrch
    defsig_rtmem_outer.o(.text) refers to defsig_rtmem_inner.o(.text) for __rt_SIGRTMEM_inner
    defsig_rtmem_outer.o(.text) refers to defsig_exit.o(.text) for __sig_exit
    defsig_rtmem_formal.o(.text) refers to rt_raise.o(.text) for __rt_raise
    heapauxa.o(.text) refers to heapauxa.o(.data) for .data
    _get_argv.o(.text) refers (Special) to hrguard.o(.text) for __heap_region$guard
    _get_argv.o(.text) refers to h1_alloc.o(.text) for malloc
    _get_argv.o(.text) refers to defsig_rtmem_outer.o(.text) for __rt_SIGRTMEM
    _get_argv.o(.text) refers to sys_command.o(.text) for _sys_command_string
    _get_argv_nomalloc.o(.text) refers (Special) to hrguard.o(.text) for __heap_region$guard
    _get_argv_nomalloc.o(.text) refers to defsig_rtmem_outer.o(.text) for __rt_SIGRTMEM
    _get_argv_nomalloc.o(.text) refers to sys_command.o(.text) for _sys_command_string
    sys_wrch.o(.text) refers (Special) to use_no_semi.o(.text) for __I$use$semihosting
    sys_wrch.o(.text) refers (Special) to indicate_semi.o(.text) for __semihosting_library_function
    sys_command.o(.text) refers (Special) to use_no_semi.o(.text) for __I$use$semihosting
    sys_command.o(.text) refers (Special) to indicate_semi.o(.text) for __semihosting_library_function
    rt_errno_addr.o(.text) refers to rt_errno_addr.o(.bss) for __aeabi_errno_addr_data
    rt_errno_addr_intlibspace.o(.text) refers to libspace.o(.bss) for __libspace_start
    term_alloc.o(.text) refers (Special) to libshutdown2.o(.ARM.Collect$$libshutdown$$0000000E) for __rt_lib_shutdown_heap_2
    term_alloc.o(.text) refers to rt_heap_descriptor_intlibspace.o(.text) for __rt_heap_descriptor
    defsig_rtmem_inner.o(.text) refers to defsig_general.o(.text) for __default_signal_display
    defsig.o(CL$$defsig) refers to defsig_fpe_inner.o(.text) for __rt_SIGFPE_inner
    defsig.o(CL$$defsig) refers to defsig_rtred_inner.o(.text) for __rt_SIGRTRED_inner
    defsig.o(CL$$defsig) refers to defsig_rtmem_inner.o(.text) for __rt_SIGRTMEM_inner
    libshutdown.o(.ARM.Collect$$libshutdown$$00000000) refers (Special) to libshutdown2.o(.ARM.Collect$$libshutdown$$00000002) for __rt_lib_shutdown_cpp_1
    libshutdown.o(.ARM.Collect$$libshutdown$$00000000) refers (Special) to libshutdown2.o(.ARM.Collect$$libshutdown$$00000007) for __rt_lib_shutdown_fp_trap_1
    libshutdown.o(.ARM.Collect$$libshutdown$$00000000) refers (Special) to libshutdown2.o(.ARM.Collect$$libshutdown$$0000000F) for __rt_lib_shutdown_heap_1
    libshutdown.o(.ARM.Collect$$libshutdown$$00000000) refers (Special) to libshutdown2.o(.ARM.Collect$$libshutdown$$00000010) for __rt_lib_shutdown_return
    libshutdown.o(.ARM.Collect$$libshutdown$$00000000) refers (Special) to libshutdown2.o(.ARM.Collect$$libshutdown$$0000000A) for __rt_lib_shutdown_signal_1
    libshutdown.o(.ARM.Collect$$libshutdown$$00000000) refers (Special) to libshutdown2.o(.ARM.Collect$$libshutdown$$00000004) for __rt_lib_shutdown_stdio_1
    libshutdown.o(.ARM.Collect$$libshutdown$$00000000) refers (Special) to libshutdown2.o(.ARM.Collect$$libshutdown$$0000000C) for __rt_lib_shutdown_user_alloc_1
    defsig_abrt_inner.o(.text) refers to defsig_general.o(.text) for __default_signal_display
    defsig_stak_inner.o(.text) refers to defsig_general.o(.text) for __default_signal_display
    defsig_pvfn_inner.o(.text) refers to defsig_general.o(.text) for __default_signal_display
    defsig_cppl_inner.o(.text) refers to defsig_general.o(.text) for __default_signal_display
    defsig_segv_inner.o(.text) refers to defsig_general.o(.text) for __default_signal_display
    defsig_other.o(.text) refers to defsig_general.o(.text) for __default_signal_display


==============================================================================

Removing Unused input sections from the image.

    Removing gfops.o(.rev16_text), (4 bytes).
    Removing gfops.o(.revsh_text), (4 bytes).
    Removing aes_funcs.o(.rev16_text), (4 bytes).
    Removing aes_funcs.o(.revsh_text), (4 bytes).
    Removing secops.o(.rev16_text), (4 bytes).
    Removing secops.o(.revsh_text), (4 bytes).
    Removing secops.o(i.qPow16), (96 bytes).
    Removing utils.o(.rev16_text), (4 bytes).
    Removing utils.o(.revsh_text), (4 bytes).
    Removing main.o(.rev16_text), (4 bytes).
    Removing main.o(.revsh_text), (4 bytes).
    Removing raes.o(.rev16_text), (4 bytes).
    Removing raes.o(.revsh_text), (4 bytes).
    Removing retarget_io.o(i._sys_read), (56 bytes).
    Removing system_stm32l0xx.o(.rev16_text), (4 bytes).
    Removing system_stm32l0xx.o(.revsh_text), (4 bytes).
    Removing system_stm32l0xx.o(i.SystemCoreClockUpdate), (272 bytes).
    Removing system_stm32l0xx.o(.constdata), (33 bytes).
    Removing system_stm32l0xx.o(.data), (4 bytes).

19 unused section(s) (total 517 bytes) removed from the image.

==============================================================================

Image Symbol Table

    Local Symbols

    Symbol Name                              Value     Ov Type        Size  Object(Section)

    ../clib/../cmprslib/lz77c.c              0x00000000   Number         0  __dclz77c.o ABSOLUTE
    ../clib/angel/boardlib.s                 0x00000000   Number         0  boardinit1.o ABSOLUTE
    ../clib/angel/boardlib.s                 0x00000000   Number         0  boardshut.o ABSOLUTE
    ../clib/angel/boardlib.s                 0x00000000   Number         0  boardinit2.o ABSOLUTE
    ../clib/angel/boardlib.s                 0x00000000   Number         0  boardinit3.o ABSOLUTE
    ../clib/angel/handlers.s                 0x00000000   Number         0  __scatter_zi.o ABSOLUTE
    ../clib/angel/kernel.s                   0x00000000   Number         0  __rtentry2.o ABSOLUTE
    ../clib/angel/kernel.s                   0x00000000   Number         0  rtexit2.o ABSOLUTE
    ../clib/angel/kernel.s                   0x00000000   Number         0  __rtentry.o ABSOLUTE
    ../clib/angel/kernel.s                   0x00000000   Number         0  __rtentry4.o ABSOLUTE
    ../clib/angel/kernel.s                   0x00000000   Number         0  rtexit.o ABSOLUTE
    ../clib/angel/rt.s                       0x00000000   Number         0  rt_raise.o ABSOLUTE
    ../clib/angel/rt.s                       0x00000000   Number         0  rt_div0.o ABSOLUTE
    ../clib/angel/rt.s                       0x00000000   Number         0  aeabi_idiv0.o ABSOLUTE
    ../clib/angel/rt.s                       0x00000000   Number         0  aeabi_idiv0_sigfpe.o ABSOLUTE
    ../clib/angel/rt.s                       0x00000000   Number         0  rt_errno_addr_intlibspace.o ABSOLUTE
    ../clib/angel/rt.s                       0x00000000   Number         0  rt_errno_addr.o ABSOLUTE
    ../clib/angel/rt.s                       0x00000000   Number         0  rt_heap_descriptor_intlibspace.o ABSOLUTE
    ../clib/angel/rt.s                       0x00000000   Number         0  rt_heap_descriptor.o ABSOLUTE
    ../clib/angel/scatterp.s                 0x00000000   Number         0  __scatter.o ABSOLUTE
    ../clib/angel/startup.s                  0x00000000   Number         0  __main.o ABSOLUTE
    ../clib/angel/sys.s                      0x00000000   Number         0  use_no_semi.o ABSOLUTE
    ../clib/angel/sys.s                      0x00000000   Number         0  mutex_dummy.o ABSOLUTE
    ../clib/angel/sys.s                      0x00000000   Number         0  indicate_semi.o ABSOLUTE
    ../clib/angel/sys.s                      0x00000000   Number         0  sys_stackheap_outer.o ABSOLUTE
    ../clib/angel/sys.s                      0x00000000   Number         0  libspace.o ABSOLUTE
    ../clib/angel/sys.s                      0x00000000   Number         0  tempstk.o ABSOLUTE
    ../clib/angel/sysapp.c                   0x00000000   Number         0  sys_exit.o ABSOLUTE
    ../clib/angel/sysapp.c                   0x00000000   Number         0  sys_command.o ABSOLUTE
    ../clib/angel/sysapp.c                   0x00000000   Number         0  sys_wrch.o ABSOLUTE
    ../clib/armsys.c                         0x00000000   Number         0  _get_argv_nomalloc.o ABSOLUTE
    ../clib/armsys.c                         0x00000000   Number         0  _get_argv.o ABSOLUTE
    ../clib/armsys.c                         0x00000000   Number         0  argv_veneer.o ABSOLUTE
    ../clib/armsys.c                         0x00000000   Number         0  no_argv.o ABSOLUTE
    ../clib/assert.c                         0x00000000   Number         0  assert_stdio.o ABSOLUTE
    ../clib/division.s                       0x00000000   Number         0  aeabi_sdiv.o ABSOLUTE
    ../clib/division.s                       0x00000000   Number         0  aeabi_sdiv_div0.o ABSOLUTE
    ../clib/heap1.c                          0x00000000   Number         0  h1_free_mt.o ABSOLUTE
    ../clib/heap1.c                          0x00000000   Number         0  h1_extend_mt.o ABSOLUTE
    ../clib/heap1.c                          0x00000000   Number         0  h1_init_mt.o ABSOLUTE
    ../clib/heap1.c                          0x00000000   Number         0  h1_extend.o ABSOLUTE
    ../clib/heap1.c                          0x00000000   Number         0  h1_init.o ABSOLUTE
    ../clib/heap1.c                          0x00000000   Number         0  h1_final.o ABSOLUTE
    ../clib/heap1.c                          0x00000000   Number         0  h1_alloc_mt.o ABSOLUTE
    ../clib/heap1.c                          0x00000000   Number         0  h1_alloc.o ABSOLUTE
    ../clib/heap1.c                          0x00000000   Number         0  h1_final_mt.o ABSOLUTE
    ../clib/heap1.c                          0x00000000   Number         0  h1_free.o ABSOLUTE
    ../clib/heap2.c                          0x00000000   Number         0  heap2mt.o ABSOLUTE
    ../clib/heap2.c                          0x00000000   Number         0  heap2.o ABSOLUTE
    ../clib/heap2.c                          0x00000000   Number         0  fdtree.o ABSOLUTE
    ../clib/heapalloc.c                      0x00000000   Number         0  maybetermalloc1.o ABSOLUTE
    ../clib/heapalloc.c                      0x00000000   Number         0  hguard.o ABSOLUTE
    ../clib/heapalloc.c                      0x00000000   Number         0  hrguard.o ABSOLUTE
    ../clib/heapalloc.c                      0x00000000   Number         0  term_alloc.o ABSOLUTE
    ../clib/heapalloc.c                      0x00000000   Number         0  init_alloc.o ABSOLUTE
    ../clib/heapalloc.c                      0x00000000   Number         0  maybetermalloc2.o ABSOLUTE
    ../clib/heapalloc.c                      0x00000000   Number         0  maybetermalloc2.o ABSOLUTE
    ../clib/heapalloc.c                      0x00000000   Number         0  maybetermalloc1.o ABSOLUTE
    ../clib/heapalloc.c                      0x00000000   Number         0  free.o ABSOLUTE
    ../clib/heapalloc.c                      0x00000000   Number         0  malloc.o ABSOLUTE
    ../clib/heapalloc.c                      0x00000000   Number         0  heapstubs.o ABSOLUTE
    ../clib/heapaux.c                        0x00000000   Number         0  heapauxa.o ABSOLUTE
    ../clib/heapaux.c                        0x00000000   Number         0  heapauxi.o ABSOLUTE
    ../clib/libinit.s                        0x00000000   Number         0  libinit2.o ABSOLUTE
    ../clib/libinit.s                        0x00000000   Number         0  libinit.o ABSOLUTE
    ../clib/libinit.s                        0x00000000   Number         0  libshutdown2.o ABSOLUTE
    ../clib/libinit.s                        0x00000000   Number         0  libshutdown.o ABSOLUTE
    ../clib/memcpset.c                       0x00000000   Number         0  rt_memclr.o ABSOLUTE
    ../clib/memcpset.c                       0x00000000   Number         0  rt_memcpy.o ABSOLUTE
    ../clib/memcpset.c                       0x00000000   Number         0  rt_memcpy.o ABSOLUTE
    ../clib/misc.s                           0x00000000   Number         0  printf_stubs.o ABSOLUTE
    ../clib/printf.c                         0x00000000   Number         0  __printf.o ABSOLUTE
    ../clib/printf.c                         0x00000000   Number         0  _printf_pad.o ABSOLUTE
    ../clib/printf.c                         0x00000000   Number         0  _printf_hex_ll.o ABSOLUTE
    ../clib/printf.c                         0x00000000   Number         0  _printf_hex_int.o ABSOLUTE
    ../clib/printf.c                         0x00000000   Number         0  _printf_hex_int_ll.o ABSOLUTE
    ../clib/printf.c                         0x00000000   Number         0  _printf_hex_ptr.o ABSOLUTE
    ../clib/printf.c                         0x00000000   Number         0  _printf_hex_int_ptr.o ABSOLUTE
    ../clib/printf.c                         0x00000000   Number         0  _printf_hex_ll_ptr.o ABSOLUTE
    ../clib/printf.c                         0x00000000   Number         0  __printf_flags.o ABSOLUTE
    ../clib/printf.c                         0x00000000   Number         0  __printf_ss.o ABSOLUTE
    ../clib/printf.c                         0x00000000   Number         0  _printf_hex_int_ll_ptr.o ABSOLUTE
    ../clib/printf.c                         0x00000000   Number         0  __printf_wp.o ABSOLUTE
    ../clib/printf.c                         0x00000000   Number         0  __printf_flags_wp.o ABSOLUTE
    ../clib/printf.c                         0x00000000   Number         0  _printf_char_file_locked.o ABSOLUTE
    ../clib/printf.c                         0x00000000   Number         0  __printf_ss_wp.o ABSOLUTE
    ../clib/printf.c                         0x00000000   Number         0  __printf_flags_ss_wp.o ABSOLUTE
    ../clib/printf.c                         0x00000000   Number         0  _printf_intcommon.o ABSOLUTE
    ../clib/printf.c                         0x00000000   Number         0  _printf_char_file.o ABSOLUTE
    ../clib/printf.c                         0x00000000   Number         0  _printf_char_common.o ABSOLUTE
    ../clib/printf.c                         0x00000000   Number         0  __printf_nopercent.o ABSOLUTE
    ../clib/printf.c                         0x00000000   Number         0  __printf_flags_ss.o ABSOLUTE
    ../clib/printf.c                         0x00000000   Number         0  __2printf.o ABSOLUTE
    ../clib/printf.c                         0x00000000   Number         0  noretval__2printf.o ABSOLUTE
    ../clib/printf_percent.s                 0x00000000   Number         0  _printf_percent.o ABSOLUTE
    ../clib/printf_percent.s                 0x00000000   Number         0  _printf_x.o ABSOLUTE
    ../clib/printf_percent.s                 0x00000000   Number         0  _printf_percent_end.o ABSOLUTE
    ../clib/signal.c                         0x00000000   Number         0  defsig_abrt_inner.o ABSOLUTE
    ../clib/signal.c                         0x00000000   Number         0  defsig_exit.o ABSOLUTE
    ../clib/signal.c                         0x00000000   Number         0  defsig_fpe_inner.o ABSOLUTE
    ../clib/signal.c                         0x00000000   Number         0  defsig_rtred_inner.o ABSOLUTE
    ../clib/signal.c                         0x00000000   Number         0  defsig_rtred_formal.o ABSOLUTE
    ../clib/signal.c                         0x00000000   Number         0  defsig_fpe_outer.o ABSOLUTE
    ../clib/signal.c                         0x00000000   Number         0  defsig_rtmem_inner.o ABSOLUTE
    ../clib/signal.c                         0x00000000   Number         0  defsig_other.o ABSOLUTE
    ../clib/signal.c                         0x00000000   Number         0  defsig_segv_inner.o ABSOLUTE
    ../clib/signal.c                         0x00000000   Number         0  __raise.o ABSOLUTE
    ../clib/signal.c                         0x00000000   Number         0  defsig_general.o ABSOLUTE
    ../clib/signal.c                         0x00000000   Number         0  defsig_cppl_inner.o ABSOLUTE
    ../clib/signal.c                         0x00000000   Number         0  defsig_rtmem_outer.o ABSOLUTE
    ../clib/signal.c                         0x00000000   Number         0  defsig_pvfn_inner.o ABSOLUTE
    ../clib/signal.c                         0x00000000   Number         0  defsig_rtmem_formal.o ABSOLUTE
    ../clib/signal.c                         0x00000000   Number         0  defsig_fpe_formal.o ABSOLUTE
    ../clib/signal.c                         0x00000000   Number         0  defsig_rtred_outer.o ABSOLUTE
    ../clib/signal.c                         0x00000000   Number         0  defsig_stak_inner.o ABSOLUTE
    ../clib/signal.s                         0x00000000   Number         0  defsig.o ABSOLUTE
    ../clib/stdio.c                          0x00000000   Number         0  setvbuf.o ABSOLUTE
    ../clib/stdio.c                          0x00000000   Number         0  streamlock.o ABSOLUTE
    ../clib/stdio.c                          0x00000000   Number         0  fwritefast.o ABSOLUTE
    ../clib/stdio.c                          0x00000000   Number         0  fwritefast_locked.o ABSOLUTE
    ../clib/stdio.c                          0x00000000   Number         0  fflush.o ABSOLUTE
    ../clib/stdio.c                          0x00000000   Number         0  fputs.o ABSOLUTE
    ../clib/stdio.c                          0x00000000   Number         0  fseek.o ABSOLUTE
    ../clib/stdio.c                          0x00000000   Number         0  ftell.o ABSOLUTE
    ../clib/stdio.c                          0x00000000   Number         0  stdio_streams.o ABSOLUTE
    ../clib/stdio.c                          0x00000000   Number         0  fputs_locked.o ABSOLUTE
    ../clib/stdio.c                          0x00000000   Number         0  fopen.o ABSOLUTE
    ../clib/stdio.c                          0x00000000   Number         0  fflush_locked.o ABSOLUTE
    ../clib/stdio.c                          0x00000000   Number         0  fclose.o ABSOLUTE
    ../clib/stdio.c                          0x00000000   Number         0  stdio.o ABSOLUTE
    ../clib/stdio.c                          0x00000000   Number         0  ferror.o ABSOLUTE
    ../clib/stdio.c                          0x00000000   Number         0  fputc.o ABSOLUTE
    ../clib/stdio.c                          0x00000000   Number         0  initio.o ABSOLUTE
    ../clib/stdio.c                          0x00000000   Number         0  fputc_locked.o ABSOLUTE
    ../clib/stdio.c                          0x00000000   Number         0  ferror_locked.o ABSOLUTE
    ../clib/stdio.c                          0x00000000   Number         0  initio_locked.o ABSOLUTE
    ../clib/stdio.c                          0x00000000   Number         0  fopen_locked.o ABSOLUTE
    ../clib/stdio.c                          0x00000000   Number         0  flsbuf.o ABSOLUTE
    ../clib/stdio.c                          0x00000000   Number         0  setvbuf_locked.o ABSOLUTE
    ../clib/stdlib.c                         0x00000000   Number         0  exit.o ABSOLUTE
    ../clib/string.c                         0x00000000   Number         0  strcmp.o ABSOLUTE
    ../clib/wchar.c                          0x00000000   Number         0  flsbuf_fwide.o ABSOLUTE
    ../fplib/cfplib/fpinit.c                 0x00000000   Number         0  fpinit.o ABSOLUTE
    C:\Keil_v5\ARM\PACK\Keil\ARM_Compiler\1.2.0\Source\retarget_io.c 0x00000000   Number         0  retarget_io.o ABSOLUTE
    RTE\Device\STM32L053R8Tx\startup_stm32l053xx.s 0x00000000   Number         0  startup_stm32l053xx.o ABSOLUTE
    RTE\Device\STM32L053R8Tx\system_stm32l0xx.c 0x00000000   Number         0  system_stm32l0xx.o ABSOLUTE
    RTE\\Device\\STM32L053R8Tx\\system_stm32l0xx.c 0x00000000   Number         0  system_stm32l0xx.o ABSOLUTE
    dc.s                                     0x00000000   Number         0  dc.o ABSOLUTE
    main.c                                   0x00000000   Number         0  main.o ABSOLUTE
    main.c                                   0x00000000   Number         0  main.o ABSOLUTE
    rAES\\aes_funcs.c                        0x00000000   Number         0  aes_funcs.o ABSOLUTE
    rAES\\gfops.c                            0x00000000   Number         0  gfops.o ABSOLUTE
    rAES\\raes.c                             0x00000000   Number         0  raes.o ABSOLUTE
    rAES\\secops.c                           0x00000000   Number         0  secops.o ABSOLUTE
    rAES\aes_funcs.c                         0x00000000   Number         0  aes_funcs.o ABSOLUTE
    rAES\gfops.c                             0x00000000   Number         0  gfops.o ABSOLUTE
    rAES\raes.c                              0x00000000   Number         0  raes.o ABSOLUTE
    rAES\secops.c                            0x00000000   Number         0  secops.o ABSOLUTE
    utils.c                                  0x00000000   Number         0  utils.o ABSOLUTE
    utils.c                                  0x00000000   Number         0  utils.o ABSOLUTE
    RESET                                    0x08000000   Section      192  startup_stm32l053xx.o(RESET)
    !!!main                                  0x080000c0   Section        8  __main.o(!!!main)
    !!!scatter                               0x080000c8   Section       60  __scatter.o(!!!scatter)
    !!handler_zi                             0x08000104   Section       28  __scatter_zi.o(!!handler_zi)
    .ARM.Collect$$_printf_percent$$00000000  0x08000120   Section        2  _printf_percent.o(.ARM.Collect$$_printf_percent$$00000000)
    .ARM.Collect$$_printf_percent$$0000000C  0x08000122   Section       10  _printf_x.o(.ARM.Collect$$_printf_percent$$0000000C)
    .ARM.Collect$$_printf_percent$$00000017  0x0800012c   Section        4  _printf_percent_end.o(.ARM.Collect$$_printf_percent$$00000017)
    .ARM.Collect$$libinit$$00000000          0x08000130   Section        2  libinit.o(.ARM.Collect$$libinit$$00000000)
    .ARM.Collect$$libinit$$00000002          0x08000132   Section        0  libinit2.o(.ARM.Collect$$libinit$$00000002)
    .ARM.Collect$$libinit$$00000004          0x08000132   Section        0  libinit2.o(.ARM.Collect$$libinit$$00000004)
    .ARM.Collect$$libinit$$00000005          0x08000132   Section        8  libinit2.o(.ARM.Collect$$libinit$$00000005)
    .ARM.Collect$$libinit$$0000000A          0x0800013a   Section        0  libinit2.o(.ARM.Collect$$libinit$$0000000A)
    .ARM.Collect$$libinit$$0000000C          0x0800013a   Section        0  libinit2.o(.ARM.Collect$$libinit$$0000000C)
    .ARM.Collect$$libinit$$0000000E          0x0800013a   Section        0  libinit2.o(.ARM.Collect$$libinit$$0000000E)
    .ARM.Collect$$libinit$$00000011          0x0800013a   Section        0  libinit2.o(.ARM.Collect$$libinit$$00000011)
    .ARM.Collect$$libinit$$00000013          0x0800013a   Section        0  libinit2.o(.ARM.Collect$$libinit$$00000013)
    .ARM.Collect$$libinit$$00000015          0x0800013a   Section        0  libinit2.o(.ARM.Collect$$libinit$$00000015)
    .ARM.Collect$$libinit$$00000017          0x0800013a   Section        0  libinit2.o(.ARM.Collect$$libinit$$00000017)
    .ARM.Collect$$libinit$$00000019          0x0800013a   Section        0  libinit2.o(.ARM.Collect$$libinit$$00000019)
    .ARM.Collect$$libinit$$0000001B          0x0800013a   Section        0  libinit2.o(.ARM.Collect$$libinit$$0000001B)
    .ARM.Collect$$libinit$$0000001D          0x0800013a   Section        0  libinit2.o(.ARM.Collect$$libinit$$0000001D)
    .ARM.Collect$$libinit$$0000001F          0x0800013a   Section        0  libinit2.o(.ARM.Collect$$libinit$$0000001F)
    .ARM.Collect$$libinit$$00000021          0x0800013a   Section        0  libinit2.o(.ARM.Collect$$libinit$$00000021)
    .ARM.Collect$$libinit$$00000023          0x0800013a   Section        0  libinit2.o(.ARM.Collect$$libinit$$00000023)
    .ARM.Collect$$libinit$$00000024          0x0800013a   Section        4  libinit2.o(.ARM.Collect$$libinit$$00000024)
    .ARM.Collect$$libinit$$00000025          0x0800013e   Section        0  libinit2.o(.ARM.Collect$$libinit$$00000025)
    .ARM.Collect$$libinit$$0000002C          0x0800013e   Section        0  libinit2.o(.ARM.Collect$$libinit$$0000002C)
    .ARM.Collect$$libinit$$0000002E          0x0800013e   Section        0  libinit2.o(.ARM.Collect$$libinit$$0000002E)
    .ARM.Collect$$libinit$$00000030          0x0800013e   Section        0  libinit2.o(.ARM.Collect$$libinit$$00000030)
    .ARM.Collect$$libinit$$00000032          0x0800013e   Section        0  libinit2.o(.ARM.Collect$$libinit$$00000032)
    .ARM.Collect$$libinit$$00000033          0x0800013e   Section        2  libinit2.o(.ARM.Collect$$libinit$$00000033)
    .ARM.Collect$$libshutdown$$00000000      0x08000140   Section        2  libshutdown.o(.ARM.Collect$$libshutdown$$00000000)
    .ARM.Collect$$libshutdown$$00000002      0x08000142   Section        0  libshutdown2.o(.ARM.Collect$$libshutdown$$00000002)
    .ARM.Collect$$libshutdown$$00000003      0x08000142   Section        4  libshutdown2.o(.ARM.Collect$$libshutdown$$00000003)
    .ARM.Collect$$libshutdown$$00000004      0x08000146   Section        0  libshutdown2.o(.ARM.Collect$$libshutdown$$00000004)
    .ARM.Collect$$libshutdown$$00000007      0x08000146   Section        0  libshutdown2.o(.ARM.Collect$$libshutdown$$00000007)
    .ARM.Collect$$libshutdown$$0000000A      0x08000146   Section        0  libshutdown2.o(.ARM.Collect$$libshutdown$$0000000A)
    .ARM.Collect$$libshutdown$$0000000C      0x08000146   Section        0  libshutdown2.o(.ARM.Collect$$libshutdown$$0000000C)
    .ARM.Collect$$libshutdown$$0000000F      0x08000146   Section        0  libshutdown2.o(.ARM.Collect$$libshutdown$$0000000F)
    .ARM.Collect$$libshutdown$$00000010      0x08000146   Section        2  libshutdown2.o(.ARM.Collect$$libshutdown$$00000010)
    .ARM.Collect$$rtentry$$00000000          0x08000148   Section        0  __rtentry.o(.ARM.Collect$$rtentry$$00000000)
    .ARM.Collect$$rtentry$$00000002          0x08000148   Section        0  __rtentry2.o(.ARM.Collect$$rtentry$$00000002)
    .ARM.Collect$$rtentry$$00000004          0x08000148   Section        6  __rtentry4.o(.ARM.Collect$$rtentry$$00000004)
    .ARM.Collect$$rtentry$$00000009          0x0800014e   Section        0  __rtentry2.o(.ARM.Collect$$rtentry$$00000009)
    .ARM.Collect$$rtentry$$0000000A          0x0800014e   Section        4  __rtentry2.o(.ARM.Collect$$rtentry$$0000000A)
    .ARM.Collect$$rtentry$$0000000C          0x08000152   Section        0  __rtentry2.o(.ARM.Collect$$rtentry$$0000000C)
    .ARM.Collect$$rtentry$$0000000D          0x08000152   Section        8  __rtentry2.o(.ARM.Collect$$rtentry$$0000000D)
    .ARM.Collect$$rtexit$$00000000           0x0800015a   Section        2  rtexit.o(.ARM.Collect$$rtexit$$00000000)
    .ARM.Collect$$rtexit$$00000002           0x0800015c   Section        0  rtexit2.o(.ARM.Collect$$rtexit$$00000002)
    .ARM.Collect$$rtexit$$00000003           0x0800015c   Section        4  rtexit2.o(.ARM.Collect$$rtexit$$00000003)
    .ARM.Collect$$rtexit$$00000004           0x08000160   Section        6  rtexit2.o(.ARM.Collect$$rtexit$$00000004)
    .emb_text                                0x08000168   Section        0  maybetermalloc1.o(.emb_text)
    .text                                    0x08000168   Section       56  startup_stm32l053xx.o(.text)
    .text                                    0x080001a0   Section        0  noretval__2printf.o(.text)
    .text                                    0x080001bc   Section        0  _printf_pad.o(.text)
    .text                                    0x0800020c   Section        0  _printf_hex_int.o(.text)
    .text                                    0x08000264   Section        0  __printf_flags_wp.o(.text)
    .text                                    0x0800039c   Section        0  strcmp.o(.text)
    .text                                    0x08000424   Section        0  heapauxi.o(.text)
    .text                                    0x0800042a   Section        0  _printf_intcommon.o(.text)
    .text                                    0x080004dc   Section        0  _printf_char_file.o(.text)
    .text                                    0x08000504   Section        0  _printf_char_common.o(.text)
    _printf_input_char                       0x08000505   Thumb Code    10  _printf_char_common.o(.text)
    .text                                    0x08000534   Section        0  ferror.o(.text)
    .text                                    0x0800053c   Section        0  initio.o(.text)
    .text                                    0x08000678   Section       62  sys_stackheap_outer.o(.text)
    .text                                    0x080006b6   Section        0  h1_free.o(.text)
    .text                                    0x08000704   Section        0  flsbuf.o(.text)
    .text                                    0x080008f4   Section        0  setvbuf.o(.text)
    .text                                    0x08000940   Section        0  fopen.o(.text)
    _freopen_locked                          0x08000941   Thumb Code     0  fopen.o(.text)
    .text                                    0x08000a28   Section        0  fclose.o(.text)
    .text                                    0x08000a74   Section        0  exit.o(.text)
    .text                                    0x08000a84   Section        0  defsig_rtred_outer.o(.text)
    .text                                    0x08000a90   Section        0  rt_memclr.o(.text)
    .text                                    0x08000ad0   Section        8  libspace.o(.text)
    .text                                    0x08000ad8   Section        8  rt_heap_descriptor_intlibspace.o(.text)
    .text                                    0x08000ae0   Section        0  hguard.o(.text)
    .text                                    0x08000ae4   Section        0  init_alloc.o(.text)
    .text                                    0x08000b6c   Section        0  h1_alloc.o(.text)
    .text                                    0x08000bd0   Section        0  fseek.o(.text)
    .text                                    0x08000cc4   Section        0  stdio.o(.text)
    .text                                    0x08000db4   Section        0  defsig_exit.o(.text)
    .text                                    0x08000dc0   Section        0  defsig_rtred_inner.o(.text)
    .text                                    0x08000df4   Section        0  sys_exit.o(.text)
    .text                                    0x08000e00   Section        0  h1_init.o(.text)
    .text                                    0x08000e0e   Section        0  h1_extend.o(.text)
    .text                                    0x08000e42   Section        0  ftell.o(.text)
    .text                                    0x08000e84   Section        0  defsig_general.o(.text)
    .text                                    0x08000eb8   Section        0  defsig_rtmem_outer.o(.text)
    .text                                    0x08000ec4   Section        0  sys_wrch.o(.text)
    .text                                    0x08000ed0   Section        2  use_no_semi.o(.text)
    .text                                    0x08000ed2   Section        0  indicate_semi.o(.text)
    .text                                    0x08000ed4   Section        8  rt_errno_addr_intlibspace.o(.text)
    .text                                    0x08000edc   Section        0  defsig_rtmem_inner.o(.text)
    .text                                    0x08000f2c   Section        0  __dclz77c.o(.text)
    i.Addition                               0x08000f8c   Section        0  secops.o(i.Addition)
    i.ConfigureRNG                           0x08000fa8   Section        0  utils.o(i.ConfigureRNG)
    i.MixCol                                 0x08000fcc   Section        0  aes_funcs.o(i.MixCol)
    i.Multiplication                         0x080011c0   Section        0  secops.o(i.Multiplication)
    i.Print                                  0x080012c0   Section        0  utils.o(i.Print)
    i.ShiftRows                              0x08001330   Section        0  aes_funcs.o(i.ShiftRows)
    i.SubByte                                0x080013e0   Section        0  aes_funcs.o(i.SubByte)
    i.SubByte1                               0x08001430   Section        0  aes_funcs.o(i.SubByte1)
    i.SubByte2                               0x0800148c   Section        0  aes_funcs.o(i.SubByte2)
    i.SystemClock_Config                     0x0800159c   Section        0  main.o(i.SystemClock_Config)
    i.SystemInit                             0x08001664   Section        0  system_stm32l0xx.o(i.SystemInit)
    i._is_digit                              0x080016cc   Section        0  __printf_wp.o(i._is_digit)
    i._sys_close                             0x080016dc   Section        0  retarget_io.o(i._sys_close)
    i._sys_flen                              0x08001708   Section        0  retarget_io.o(i._sys_flen)
    i._sys_istty                             0x08001730   Section        0  retarget_io.o(i._sys_istty)
    i._sys_open                              0x08001758   Section        0  retarget_io.o(i._sys_open)
    i._sys_seek                              0x080017c8   Section        0  retarget_io.o(i._sys_seek)
    i._sys_write                             0x080017f8   Section        0  retarget_io.o(i._sys_write)
    i.addRoundKey                            0x0800183c   Section        0  aes_funcs.o(i.addRoundKey)
    i.encrypt                                0x080018a8   Section        0  raes.o(i.encrypt)
    i.fputc                                  0x0800191c   Section        0  fputc.o(i.fputc)
    i.getnonzerorn                           0x0800193c   Section        0  secops.o(i.getnonzerorn)
    i.getrn                                  0x080019a0   Section        0  secops.o(i.getrn)
    i.gfexp                                  0x080019ac   Section        0  gfops.o(i.gfexp)
    i.gfmult                                 0x080019d0   Section        0  gfops.o(i.gfmult)
    i.gfmvmul                                0x08001a24   Section        0  gfops.o(i.gfmvmul)
    i.gftimes2                               0x08001a68   Section        0  gfops.o(i.gftimes2)
    i.main                                   0x08001a7c   Section        0  main.o(i.main)
    i.mystdout_init                          0x08001bac   Section        0  utils.o(i.mystdout_init)
    i.nextKey                                0x08001c2c   Section        0  aes_funcs.o(i.nextKey)
    i.qPow2                                  0x08001de0   Section        0  secops.o(i.qPow2)
    i.qPow4                                  0x08001e08   Section        0  secops.o(i.qPow4)
    i.rdser                                  0x08001e48   Section        0  utils.o(i.rdser)
    i.share                                  0x08001e84   Section        0  raes.o(i.share)
    i.stdin_getchar                          0x08001f08   Section        0  utils.o(i.stdin_getchar)
    i.stdout_putchar                         0x08001f24   Section        0  utils.o(i.stdout_putchar)
    i.str2hex                                0x08001f40   Section        0  utils.o(i.str2hex)
    .constdata                               0x08001fac   Section       23  retarget_io.o(.constdata)
    .constdata                               0x08001fc3   Section       40  _printf_hex_int.o(.constdata)
    uc_hextab                                0x08001fc3   Data          20  _printf_hex_int.o(.constdata)
    lc_hextab                                0x08001fd7   Data          20  _printf_hex_int.o(.constdata)
    .constdata                               0x08001feb   Section       17  __printf_flags_wp.o(.constdata)
    maptable                                 0x08001feb   Data          17  __printf_flags_wp.o(.constdata)
    .data                                    0x20000000   Section      768  gfops.o(.data)
    .data                                    0x20000300   Section       30  secops.o(.data)
    .data                                    0x20000320   Section        4  stdio_streams.o(.data)
    .data                                    0x20000324   Section        4  stdio_streams.o(.data)
    .data                                    0x20000328   Section        4  stdio_streams.o(.data)
    .bss                                     0x2000032c   Section       84  stdio_streams.o(.bss)
    .bss                                     0x20000380   Section       84  stdio_streams.o(.bss)
    .bss                                     0x200003d4   Section       84  stdio_streams.o(.bss)
    .bss                                     0x20000428   Section       96  libspace.o(.bss)
    HEAP                                     0x20000488   Section      512  startup_stm32l053xx.o(HEAP)
    Heap_Mem                                 0x20000488   Data         512  startup_stm32l053xx.o(HEAP)
    STACK                                    0x20000688   Section     1024  startup_stm32l053xx.o(STACK)
    Stack_Mem                                0x20000688   Data        1024  startup_stm32l053xx.o(STACK)
    __initial_sp                             0x20000a88   Data           0  startup_stm32l053xx.o(STACK)

    Global Symbols

    Symbol Name                              Value     Ov Type        Size  Object(Section)

    BuildAttributes$$THM_ISAv3M$S$PE$A:L22$X:L11$S22$IEEE1$IW$USESV6$~STKCKD$USESV7$~SHL$OTIME$ROPI$EBA8$UX$STANDARDLIB$REQ8$PRES8$EABIv2 0x00000000   Number         0  anon$$obj.o ABSOLUTE
    __ARM_use_no_argv                        0x00000000   Number         0  main.o ABSOLUTE
    _printf_flags                            0x00000000   Number         0  printf_stubs.o ABSOLUTE
    _printf_return_value                     0x00000000   Number         0  printf_stubs.o ABSOLUTE
    _printf_sizespec                         0x00000000   Number         0  printf_stubs.o ABSOLUTE
    _printf_widthprec                        0x00000000   Number         0  printf_stubs.o ABSOLUTE
    __ARM_exceptions_init                     - Undefined Weak Reference
    __alloca_initialize                       - Undefined Weak Reference
    __arm_preinit_                            - Undefined Weak Reference
    __cpp_initialize__aeabi_                  - Undefined Weak Reference
    __cxa_finalize                            - Undefined Weak Reference
    __rt_locale                               - Undefined Weak Reference
    __sigvec_lookup                           - Undefined Weak Reference
    __user_heap_extent                        - Undefined Weak Reference
    _atexit_init                              - Undefined Weak Reference
    _call_atexit_fns                          - Undefined Weak Reference
    _clock_init                               - Undefined Weak Reference
    _fp_trap_init                             - Undefined Weak Reference
    _fp_trap_shutdown                         - Undefined Weak Reference
    _get_lc_collate                           - Undefined Weak Reference
    _get_lc_ctype                             - Undefined Weak Reference
    _get_lc_monetary                          - Undefined Weak Reference
    _get_lc_numeric                           - Undefined Weak Reference
    _get_lc_time                              - Undefined Weak Reference
    _getenv_init                              - Undefined Weak Reference
    _handle_redirection                       - Undefined Weak Reference
    _mutex_acquire                            - Undefined Weak Reference
    _mutex_free                               - Undefined Weak Reference
    _mutex_release                            - Undefined Weak Reference
    _printf_truncate_unsigned                 - Undefined Weak Reference
    _rand_init                                - Undefined Weak Reference
    _signal_finish                            - Undefined Weak Reference
    _signal_init                              - Undefined Weak Reference
    __Vectors_Size                           0x000000c0   Number         0  startup_stm32l053xx.o ABSOLUTE
    __Vectors                                0x08000000   Data           4  startup_stm32l053xx.o(RESET)
    __Vectors_End                            0x080000c0   Data           0  startup_stm32l053xx.o(RESET)
    __main                                   0x080000c1   Thumb Code     8  __main.o(!!!main)
    __scatterload                            0x080000c9   Thumb Code     0  __scatter.o(!!!scatter)
    __scatterload_rt2                        0x080000c9   Thumb Code    52  __scatter.o(!!!scatter)
    __scatterload_rt2_thumb_only             0x080000c9   Thumb Code     0  __scatter.o(!!!scatter)
    __scatterload_null                       0x080000d9   Thumb Code     0  __scatter.o(!!!scatter)
    __scatterload_zeroinit                   0x08000105   Thumb Code    28  __scatter_zi.o(!!handler_zi)
    _printf_percent                          0x08000121   Thumb Code     0  _printf_percent.o(.ARM.Collect$$_printf_percent$$00000000)
    _printf_x                                0x08000123   Thumb Code     0  _printf_x.o(.ARM.Collect$$_printf_percent$$0000000C)
    _printf_percent_end                      0x0800012d   Thumb Code     0  _printf_percent_end.o(.ARM.Collect$$_printf_percent$$00000017)
    __rt_lib_init                            0x08000131   Thumb Code     0  libinit.o(.ARM.Collect$$libinit$$00000000)
    __rt_lib_init_fp_1                       0x08000133   Thumb Code     0  libinit2.o(.ARM.Collect$$libinit$$00000002)
    __rt_lib_init_heap_2                     0x08000133   Thumb Code     0  libinit2.o(.ARM.Collect$$libinit$$00000005)
    __rt_lib_init_preinit_1                  0x08000133   Thumb Code     0  libinit2.o(.ARM.Collect$$libinit$$00000004)
    __rt_lib_init_atexit_1                   0x0800013b   Thumb Code     0  libinit2.o(.ARM.Collect$$libinit$$0000001B)
    __rt_lib_init_clock_1                    0x0800013b   Thumb Code     0  libinit2.o(.ARM.Collect$$libinit$$00000021)
    __rt_lib_init_fp_trap_1                  0x0800013b   Thumb Code     0  libinit2.o(.ARM.Collect$$libinit$$0000001F)
    __rt_lib_init_getenv_1                   0x0800013b   Thumb Code     0  libinit2.o(.ARM.Collect$$libinit$$00000023)
    __rt_lib_init_heap_1                     0x0800013b   Thumb Code     0  libinit2.o(.ARM.Collect$$libinit$$0000000A)
    __rt_lib_init_lc_collate_1               0x0800013b   Thumb Code     0  libinit2.o(.ARM.Collect$$libinit$$00000011)
    __rt_lib_init_lc_ctype_1                 0x0800013b   Thumb Code     0  libinit2.o(.ARM.Collect$$libinit$$00000013)
    __rt_lib_init_lc_monetary_1              0x0800013b   Thumb Code     0  libinit2.o(.ARM.Collect$$libinit$$00000015)
    __rt_lib_init_lc_numeric_1               0x0800013b   Thumb Code     0  libinit2.o(.ARM.Collect$$libinit$$00000017)
    __rt_lib_init_lc_time_1                  0x0800013b   Thumb Code     0  libinit2.o(.ARM.Collect$$libinit$$00000019)
    __rt_lib_init_rand_1                     0x0800013b   Thumb Code     0  libinit2.o(.ARM.Collect$$libinit$$0000000E)
    __rt_lib_init_signal_1                   0x0800013b   Thumb Code     0  libinit2.o(.ARM.Collect$$libinit$$0000001D)
    __rt_lib_init_stdio_2                    0x0800013b   Thumb Code     0  libinit2.o(.ARM.Collect$$libinit$$00000024)
    __rt_lib_init_user_alloc_1               0x0800013b   Thumb Code     0  libinit2.o(.ARM.Collect$$libinit$$0000000C)
    __rt_lib_init_alloca_1                   0x0800013f   Thumb Code     0  libinit2.o(.ARM.Collect$$libinit$$0000002E)
    __rt_lib_init_argv_1                     0x0800013f   Thumb Code     0  libinit2.o(.ARM.Collect$$libinit$$0000002C)
    __rt_lib_init_cpp_1                      0x0800013f   Thumb Code     0  libinit2.o(.ARM.Collect$$libinit$$00000032)
    __rt_lib_init_exceptions_1               0x0800013f   Thumb Code     0  libinit2.o(.ARM.Collect$$libinit$$00000030)
    __rt_lib_init_return                     0x0800013f   Thumb Code     0  libinit2.o(.ARM.Collect$$libinit$$00000033)
    __rt_lib_init_stdio_1                    0x0800013f   Thumb Code     0  libinit2.o(.ARM.Collect$$libinit$$00000025)
    __rt_lib_shutdown                        0x08000141   Thumb Code     0  libshutdown.o(.ARM.Collect$$libshutdown$$00000000)
    __rt_lib_shutdown_cpp_1                  0x08000143   Thumb Code     0  libshutdown2.o(.ARM.Collect$$libshutdown$$00000002)
    __rt_lib_shutdown_stdio_2                0x08000143   Thumb Code     0  libshutdown2.o(.ARM.Collect$$libshutdown$$00000003)
    __rt_lib_shutdown_fp_trap_1              0x08000147   Thumb Code     0  libshutdown2.o(.ARM.Collect$$libshutdown$$00000007)
    __rt_lib_shutdown_heap_1                 0x08000147   Thumb Code     0  libshutdown2.o(.ARM.Collect$$libshutdown$$0000000F)
    __rt_lib_shutdown_return                 0x08000147   Thumb Code     0  libshutdown2.o(.ARM.Collect$$libshutdown$$00000010)
    __rt_lib_shutdown_signal_1               0x08000147   Thumb Code     0  libshutdown2.o(.ARM.Collect$$libshutdown$$0000000A)
    __rt_lib_shutdown_stdio_1                0x08000147   Thumb Code     0  libshutdown2.o(.ARM.Collect$$libshutdown$$00000004)
    __rt_lib_shutdown_user_alloc_1           0x08000147   Thumb Code     0  libshutdown2.o(.ARM.Collect$$libshutdown$$0000000C)
    __rt_entry                               0x08000149   Thumb Code     0  __rtentry.o(.ARM.Collect$$rtentry$$00000000)
    __rt_entry_presh_1                       0x08000149   Thumb Code     0  __rtentry2.o(.ARM.Collect$$rtentry$$00000002)
    __rt_entry_sh                            0x08000149   Thumb Code     0  __rtentry4.o(.ARM.Collect$$rtentry$$00000004)
    __rt_entry_li                            0x0800014f   Thumb Code     0  __rtentry2.o(.ARM.Collect$$rtentry$$0000000A)
    __rt_entry_postsh_1                      0x0800014f   Thumb Code     0  __rtentry2.o(.ARM.Collect$$rtentry$$00000009)
    __rt_entry_main                          0x08000153   Thumb Code     0  __rtentry2.o(.ARM.Collect$$rtentry$$0000000D)
    __rt_entry_postli_1                      0x08000153   Thumb Code     0  __rtentry2.o(.ARM.Collect$$rtentry$$0000000C)
    __rt_exit                                0x0800015b   Thumb Code     0  rtexit.o(.ARM.Collect$$rtexit$$00000000)
    __rt_exit_ls                             0x0800015d   Thumb Code     0  rtexit2.o(.ARM.Collect$$rtexit$$00000003)
    __rt_exit_prels_1                        0x0800015d   Thumb Code     0  rtexit2.o(.ARM.Collect$$rtexit$$00000002)
    __rt_exit_exit                           0x08000161   Thumb Code     0  rtexit2.o(.ARM.Collect$$rtexit$$00000004)
    Reset_Handler                            0x08000169   Thumb Code     8  startup_stm32l053xx.o(.text)
    _maybe_terminate_alloc                   0x08000169   Thumb Code     0  maybetermalloc1.o(.emb_text)
    NMI_Handler                              0x08000171   Thumb Code     2  startup_stm32l053xx.o(.text)
    HardFault_Handler                        0x08000173   Thumb Code     2  startup_stm32l053xx.o(.text)
    SVC_Handler                              0x08000175   Thumb Code     2  startup_stm32l053xx.o(.text)
    PendSV_Handler                           0x08000177   Thumb Code     2  startup_stm32l053xx.o(.text)
    SysTick_Handler                          0x08000179   Thumb Code     2  startup_stm32l053xx.o(.text)
    ADC1_COMP_IRQHandler                     0x0800017b   Thumb Code     0  startup_stm32l053xx.o(.text)
    DMA1_Channel1_IRQHandler                 0x0800017b   Thumb Code     0  startup_stm32l053xx.o(.text)
    DMA1_Channel2_3_IRQHandler               0x0800017b   Thumb Code     0  startup_stm32l053xx.o(.text)
    DMA1_Channel4_5_6_7_IRQHandler           0x0800017b   Thumb Code     0  startup_stm32l053xx.o(.text)
    EXTI0_1_IRQHandler                       0x0800017b   Thumb Code     0  startup_stm32l053xx.o(.text)
    EXTI2_3_IRQHandler                       0x0800017b   Thumb Code     0  startup_stm32l053xx.o(.text)
    EXTI4_15_IRQHandler                      0x0800017b   Thumb Code     0  startup_stm32l053xx.o(.text)
    FLASH_IRQHandler                         0x0800017b   Thumb Code     0  startup_stm32l053xx.o(.text)
    I2C1_IRQHandler                          0x0800017b   Thumb Code     0  startup_stm32l053xx.o(.text)
    I2C2_IRQHandler                          0x0800017b   Thumb Code     0  startup_stm32l053xx.o(.text)
    LCD_IRQHandler                           0x0800017b   Thumb Code     0  startup_stm32l053xx.o(.text)
    LPTIM1_IRQHandler                        0x0800017b   Thumb Code     0  startup_stm32l053xx.o(.text)
    PVD_IRQHandler                           0x0800017b   Thumb Code     0  startup_stm32l053xx.o(.text)
    RCC_CRS_IRQHandler                       0x0800017b   Thumb Code     0  startup_stm32l053xx.o(.text)
    RNG_LPUART1_IRQHandler                   0x0800017b   Thumb Code     0  startup_stm32l053xx.o(.text)
    RTC_IRQHandler                           0x0800017b   Thumb Code     0  startup_stm32l053xx.o(.text)
    SPI1_IRQHandler                          0x0800017b   Thumb Code     0  startup_stm32l053xx.o(.text)
    SPI2_IRQHandler                          0x0800017b   Thumb Code     0  startup_stm32l053xx.o(.text)
    TIM21_IRQHandler                         0x0800017b   Thumb Code     0  startup_stm32l053xx.o(.text)
    TIM22_IRQHandler                         0x0800017b   Thumb Code     0  startup_stm32l053xx.o(.text)
    TIM2_IRQHandler                          0x0800017b   Thumb Code     0  startup_stm32l053xx.o(.text)
    TIM6_DAC_IRQHandler                      0x0800017b   Thumb Code     0  startup_stm32l053xx.o(.text)
    TSC_IRQHandler                           0x0800017b   Thumb Code     0  startup_stm32l053xx.o(.text)
    USART1_IRQHandler                        0x0800017b   Thumb Code     0  startup_stm32l053xx.o(.text)
    USART2_IRQHandler                        0x0800017b   Thumb Code     0  startup_stm32l053xx.o(.text)
    USB_IRQHandler                           0x0800017b   Thumb Code     0  startup_stm32l053xx.o(.text)
    WWDG_IRQHandler                          0x0800017b   Thumb Code     0  startup_stm32l053xx.o(.text)
    __user_initial_stackheap                 0x0800017d   Thumb Code     0  startup_stm32l053xx.o(.text)
    __2printf                                0x080001a1   Thumb Code    22  noretval__2printf.o(.text)
    _printf_pre_padding                      0x080001bd   Thumb Code    44  _printf_pad.o(.text)
    _printf_post_padding                     0x080001e9   Thumb Code    34  _printf_pad.o(.text)
    _printf_int_hex                          0x0800020d   Thumb Code    84  _printf_hex_int.o(.text)
    _printf_longlong_hex                     0x0800020d   Thumb Code     0  _printf_hex_int.o(.text)
    __printf                                 0x08000265   Thumb Code   306  __printf_flags_wp.o(.text)
    strcmp                                   0x0800039d   Thumb Code   132  strcmp.o(.text)
    __use_two_region_memory                  0x08000425   Thumb Code     2  heapauxi.o(.text)
    __rt_heap_escrow                         0x08000427   Thumb Code     2  heapauxi.o(.text)
    __rt_heap_expand                         0x08000429   Thumb Code     2  heapauxi.o(.text)
    _printf_int_common                       0x0800042b   Thumb Code   176  _printf_intcommon.o(.text)
    _printf_char_file                        0x080004dd   Thumb Code    34  _printf_char_file.o(.text)
    _printf_char_common                      0x0800050f   Thumb Code    32  _printf_char_common.o(.text)
    ferror                                   0x08000535   Thumb Code     8  ferror.o(.text)
    _initio                                  0x0800053d   Thumb Code   216  initio.o(.text)
    _terminateio                             0x08000615   Thumb Code    56  initio.o(.text)
    __user_setup_stackheap                   0x08000679   Thumb Code    62  sys_stackheap_outer.o(.text)
    free                                     0x080006b7   Thumb Code    76  h1_free.o(.text)
    __flsbuf                                 0x08000705   Thumb Code   486  flsbuf.o(.text)
    __flsbuf_byte                            0x08000705   Thumb Code     0  flsbuf.o(.text)
    __flsbuf_wide                            0x08000705   Thumb Code     0  flsbuf.o(.text)
    setvbuf                                  0x080008f5   Thumb Code    72  setvbuf.o(.text)
    freopen                                  0x08000941   Thumb Code   148  fopen.o(.text)
    fopen                                    0x080009d5   Thumb Code    76  fopen.o(.text)
    _fclose_internal                         0x08000a29   Thumb Code    72  fclose.o(.text)
    fclose                                   0x08000a29   Thumb Code     0  fclose.o(.text)
    exit                                     0x08000a75   Thumb Code    16  exit.o(.text)
    __rt_SIGRTRED                            0x08000a85   Thumb Code    12  defsig_rtred_outer.o(.text)
    _memset_w                                0x08000a91   Thumb Code    26  rt_memclr.o(.text)
    _memset                                  0x08000aab   Thumb Code    30  rt_memclr.o(.text)
    __aeabi_memclr                           0x08000ac9   Thumb Code     4  rt_memclr.o(.text)
    __rt_memclr                              0x08000ac9   Thumb Code     0  rt_memclr.o(.text)
    __aeabi_memclr4                          0x08000acd   Thumb Code     0  rt_memclr.o(.text)
    __aeabi_memclr8                          0x08000acd   Thumb Code     0  rt_memclr.o(.text)
    __rt_memclr_w                            0x08000acd   Thumb Code     4  rt_memclr.o(.text)
    __user_libspace                          0x08000ad1   Thumb Code     8  libspace.o(.text)
    __user_perproc_libspace                  0x08000ad1   Thumb Code     0  libspace.o(.text)
    __user_perthread_libspace                0x08000ad1   Thumb Code     0  libspace.o(.text)
    __rt_heap_descriptor                     0x08000ad9   Thumb Code     8  rt_heap_descriptor_intlibspace.o(.text)
    __use_no_heap                            0x08000ae1   Thumb Code     2  hguard.o(.text)
    __heap$guard                             0x08000ae3   Thumb Code     2  hguard.o(.text)
    _terminate_user_alloc                    0x08000ae5   Thumb Code     2  init_alloc.o(.text)
    _init_user_alloc                         0x08000ae7   Thumb Code     2  init_alloc.o(.text)
    __Heap_Full                              0x08000ae9   Thumb Code    32  init_alloc.o(.text)
    __Heap_Broken                            0x08000b09   Thumb Code    10  init_alloc.o(.text)
    _init_alloc                              0x08000b13   Thumb Code    90  init_alloc.o(.text)
    malloc                                   0x08000b6d   Thumb Code    98  h1_alloc.o(.text)
    _fseek                                   0x08000bd1   Thumb Code   240  fseek.o(.text)
    fseek                                    0x08000bd1   Thumb Code     0  fseek.o(.text)
    _seterr                                  0x08000cc5   Thumb Code    20  stdio.o(.text)
    _writebuf                                0x08000cd9   Thumb Code    76  stdio.o(.text)
    _fflush                                  0x08000d25   Thumb Code    76  stdio.o(.text)
    _deferredlazyseek                        0x08000d71   Thumb Code    60  stdio.o(.text)
    __sig_exit                               0x08000db5   Thumb Code    12  defsig_exit.o(.text)
    __rt_SIGRTRED_inner                      0x08000dc1   Thumb Code    14  defsig_rtred_inner.o(.text)
    _sys_exit                                0x08000df5   Thumb Code     8  sys_exit.o(.text)
    __Heap_Initialize                        0x08000e01   Thumb Code    10  h1_init.o(.text)
    __Heap_DescSize                          0x08000e0b   Thumb Code     4  h1_init.o(.text)
    __Heap_ProvideMemory                     0x08000e0f   Thumb Code    52  h1_extend.o(.text)
    _ftell_internal                          0x08000e43   Thumb Code    66  ftell.o(.text)
    ftell                                    0x08000e43   Thumb Code     0  ftell.o(.text)
    __default_signal_display                 0x08000e85   Thumb Code    52  defsig_general.o(.text)
    __rt_SIGRTMEM                            0x08000eb9   Thumb Code    12  defsig_rtmem_outer.o(.text)
    _ttywrch                                 0x08000ec5   Thumb Code    12  sys_wrch.o(.text)
    __I$use$semihosting                      0x08000ed1   Thumb Code     0  use_no_semi.o(.text)
    __use_no_semihosting_swi                 0x08000ed1   Thumb Code     2  use_no_semi.o(.text)
    __semihosting_library_function           0x08000ed3   Thumb Code     0  indicate_semi.o(.text)
    __aeabi_errno_addr                       0x08000ed5   Thumb Code     8  rt_errno_addr_intlibspace.o(.text)
    __errno$intlibspace                      0x08000ed5   Thumb Code     0  rt_errno_addr_intlibspace.o(.text)
    __rt_errno_addr$intlibspace              0x08000ed5   Thumb Code     0  rt_errno_addr_intlibspace.o(.text)
    __rt_SIGRTMEM_inner                      0x08000edd   Thumb Code    22  defsig_rtmem_inner.o(.text)
    __decompress                             0x08000f2d   Thumb Code     0  __dclz77c.o(.text)
    __decompress2                            0x08000f2d   Thumb Code    96  __dclz77c.o(.text)
    Addition                                 0x08000f8d   Thumb Code    26  secops.o(i.Addition)
    ConfigureRNG                             0x08000fa9   Thumb Code    28  utils.o(i.ConfigureRNG)
    MixCol                                   0x08000fcd   Thumb Code   500  aes_funcs.o(i.MixCol)
    Multiplication                           0x080011c1   Thumb Code   246  secops.o(i.Multiplication)
    Print                                    0x080012c1   Thumb Code   106  utils.o(i.Print)
    ShiftRows                                0x08001331   Thumb Code   176  aes_funcs.o(i.ShiftRows)
    SubByte                                  0x080013e1   Thumb Code    80  aes_funcs.o(i.SubByte)
    SubByte1                                 0x08001431   Thumb Code    92  aes_funcs.o(i.SubByte1)
    SubByte2                                 0x0800148d   Thumb Code   258  aes_funcs.o(i.SubByte2)
    SystemClock_Config                       0x0800159d   Thumb Code   190  main.o(i.SystemClock_Config)
    SystemInit                               0x08001665   Thumb Code    88  system_stm32l0xx.o(i.SystemInit)
    _is_digit                                0x080016cd   Thumb Code    14  __printf_wp.o(i._is_digit)
    _sys_close                               0x080016dd   Thumb Code    38  retarget_io.o(i._sys_close)
    _sys_flen                                0x08001709   Thumb Code    36  retarget_io.o(i._sys_flen)
    _sys_istty                               0x08001731   Thumb Code    36  retarget_io.o(i._sys_istty)
    _sys_open                                0x08001759   Thumb Code    84  retarget_io.o(i._sys_open)
    _sys_seek                                0x080017c9   Thumb Code    44  retarget_io.o(i._sys_seek)
    _sys_write                               0x080017f9   Thumb Code    64  retarget_io.o(i._sys_write)
    addRoundKey                              0x0800183d   Thumb Code   108  aes_funcs.o(i.addRoundKey)
    encrypt                                  0x080018a9   Thumb Code   116  raes.o(i.encrypt)
    fputc                                    0x0800191d   Thumb Code    30  fputc.o(i.fputc)
    getnonzerorn                             0x0800193d   Thumb Code    94  secops.o(i.getnonzerorn)
    getrn                                    0x080019a1   Thumb Code     8  secops.o(i.getrn)
    gfexp                                    0x080019ad   Thumb Code    34  gfops.o(i.gfexp)
    gfmult                                   0x080019d1   Thumb Code    74  gfops.o(i.gfmult)
    gfmvmul                                  0x08001a25   Thumb Code    68  gfops.o(i.gfmvmul)
    gftimes2                                 0x08001a69   Thumb Code    20  gfops.o(i.gftimes2)
    main                                     0x08001a7d   Thumb Code   254  main.o(i.main)
    mystdout_init                            0x08001bad   Thumb Code   120  utils.o(i.mystdout_init)
    nextKey                                  0x08001c2d   Thumb Code   424  aes_funcs.o(i.nextKey)
    qPow2                                    0x08001de1   Thumb Code    34  secops.o(i.qPow2)
    qPow4                                    0x08001e09   Thumb Code    58  secops.o(i.qPow4)
    rdser                                    0x08001e49   Thumb Code    58  utils.o(i.rdser)
    share                                    0x08001e85   Thumb Code   126  raes.o(i.share)
    stdin_getchar                            0x08001f09   Thumb Code    22  utils.o(i.stdin_getchar)
    stdout_putchar                           0x08001f25   Thumb Code    22  utils.o(i.stdout_putchar)
    str2hex                                  0x08001f41   Thumb Code   108  utils.o(i.str2hex)
    __stdin_name                             0x08001fac   Data           7  retarget_io.o(.constdata)
    __stdout_name                            0x08001fb3   Data           8  retarget_io.o(.constdata)
    __stderr_name                            0x08001fbb   Data           8  retarget_io.o(.constdata)
    Region$$Table$$Base                      0x08001ffc   Number         0  anon$$obj.o(Region$$Table)
    Region$$Table$$Limit                     0x0800201c   Number         0  anon$$obj.o(Region$$Table)
    expt                                     0x20000000   Data         256  gfops.o(.data)
    logt                                     0x20000100   Data         256  gfops.o(.data)
    sqrLUT                                   0x20000200   Data         256  gfops.o(.data)
    alpha                                    0x20000300   Data           5  secops.o(.data)
    InvVand                                  0x20000305   Data          25  secops.o(.data)
    __aeabi_stdin                            0x20000320   Data           4  stdio_streams.o(.data)
    __aeabi_stdout                           0x20000324   Data           4  stdio_streams.o(.data)
    __aeabi_stderr                           0x20000328   Data           4  stdio_streams.o(.data)
    __stdin                                  0x2000032c   Data          84  stdio_streams.o(.bss)
    __stdout                                 0x20000380   Data          84  stdio_streams.o(.bss)
    __stderr                                 0x200003d4   Data          84  stdio_streams.o(.bss)
    __libspace_start                         0x20000428   Data          96  libspace.o(.bss)
    __temporary_stack_top$libspace           0x20000488   Data           0  libspace.o(.bss)



==============================================================================

Memory Map of the image

  Image Entry point : 0x080000c1

  Load Region LR_IROM1 (Base: 0x08000000, Size: 0x00002348, Max: 0x00010000, ABSOLUTE, COMPRESSED[0x00002344])

    Execution Region ER_IROM1 (Base: 0x08000000, Size: 0x0000201c, Max: 0x00010000, ABSOLUTE)

    Base Addr    Size         Type   Attr      Idx    E Section Name        Object

    0x08000000   0x000000c0   Data   RO          411    RESET               startup_stm32l053xx.o
    0x080000c0   0x00000008   Code   RO          510  * !!!main             c_p.l(__main.o)
    0x080000c8   0x0000003c   Code   RO          868    !!!scatter          c_p.l(__scatter.o)
    0x08000104   0x0000001c   Code   RO          870    !!handler_zi        c_p.l(__scatter_zi.o)
    0x08000120   0x00000002   Code   RO          501    .ARM.Collect$$_printf_percent$$00000000  c_p.l(_printf_percent.o)
    0x08000122   0x0000000a   Code   RO          500    .ARM.Collect$$_printf_percent$$0000000C  c_p.l(_printf_x.o)
    0x0800012c   0x00000004   Code   RO          521    .ARM.Collect$$_printf_percent$$00000017  c_p.l(_printf_percent_end.o)
    0x08000130   0x00000002   Code   RO          654    .ARM.Collect$$libinit$$00000000  c_p.l(libinit.o)
    0x08000132   0x00000000   Code   RO          656    .ARM.Collect$$libinit$$00000002  c_p.l(libinit2.o)
    0x08000132   0x00000000   Code   RO          658    .ARM.Collect$$libinit$$00000004  c_p.l(libinit2.o)
    0x08000132   0x00000008   Code   RO          659    .ARM.Collect$$libinit$$00000005  c_p.l(libinit2.o)
    0x0800013a   0x00000000   Code   RO          661    .ARM.Collect$$libinit$$0000000A  c_p.l(libinit2.o)
    0x0800013a   0x00000000   Code   RO          663    .ARM.Collect$$libinit$$0000000C  c_p.l(libinit2.o)
    0x0800013a   0x00000000   Code   RO          665    .ARM.Collect$$libinit$$0000000E  c_p.l(libinit2.o)
    0x0800013a   0x00000000   Code   RO          668    .ARM.Collect$$libinit$$00000011  c_p.l(libinit2.o)
    0x0800013a   0x00000000   Code   RO          670    .ARM.Collect$$libinit$$00000013  c_p.l(libinit2.o)
    0x0800013a   0x00000000   Code   RO          672    .ARM.Collect$$libinit$$00000015  c_p.l(libinit2.o)
    0x0800013a   0x00000000   Code   RO          674    .ARM.Collect$$libinit$$00000017  c_p.l(libinit2.o)
    0x0800013a   0x00000000   Code   RO          676    .ARM.Collect$$libinit$$00000019  c_p.l(libinit2.o)
    0x0800013a   0x00000000   Code   RO          678    .ARM.Collect$$libinit$$0000001B  c_p.l(libinit2.o)
    0x0800013a   0x00000000   Code   RO          680    .ARM.Collect$$libinit$$0000001D  c_p.l(libinit2.o)
    0x0800013a   0x00000000   Code   RO          682    .ARM.Collect$$libinit$$0000001F  c_p.l(libinit2.o)
    0x0800013a   0x00000000   Code   RO          684    .ARM.Collect$$libinit$$00000021  c_p.l(libinit2.o)
    0x0800013a   0x00000000   Code   RO          686    .ARM.Collect$$libinit$$00000023  c_p.l(libinit2.o)
    0x0800013a   0x00000004   Code   RO          687    .ARM.Collect$$libinit$$00000024  c_p.l(libinit2.o)
    0x0800013e   0x00000000   Code   RO          688    .ARM.Collect$$libinit$$00000025  c_p.l(libinit2.o)
    0x0800013e   0x00000000   Code   RO          692    .ARM.Collect$$libinit$$0000002C  c_p.l(libinit2.o)
    0x0800013e   0x00000000   Code   RO          694    .ARM.Collect$$libinit$$0000002E  c_p.l(libinit2.o)
    0x0800013e   0x00000000   Code   RO          696    .ARM.Collect$$libinit$$00000030  c_p.l(libinit2.o)
    0x0800013e   0x00000000   Code   RO          698    .ARM.Collect$$libinit$$00000032  c_p.l(libinit2.o)
    0x0800013e   0x00000002   Code   RO          699    .ARM.Collect$$libinit$$00000033  c_p.l(libinit2.o)
    0x08000140   0x00000002   Code   RO          847    .ARM.Collect$$libshutdown$$00000000  c_p.l(libshutdown.o)
    0x08000142   0x00000000   Code   RO          701    .ARM.Collect$$libshutdown$$00000002  c_p.l(libshutdown2.o)
    0x08000142   0x00000004   Code   RO          702    .ARM.Collect$$libshutdown$$00000003  c_p.l(libshutdown2.o)
    0x08000146   0x00000000   Code   RO          703    .ARM.Collect$$libshutdown$$00000004  c_p.l(libshutdown2.o)
    0x08000146   0x00000000   Code   RO          706    .ARM.Collect$$libshutdown$$00000007  c_p.l(libshutdown2.o)
    0x08000146   0x00000000   Code   RO          709    .ARM.Collect$$libshutdown$$0000000A  c_p.l(libshutdown2.o)
    0x08000146   0x00000000   Code   RO          711    .ARM.Collect$$libshutdown$$0000000C  c_p.l(libshutdown2.o)
    0x08000146   0x00000000   Code   RO          714    .ARM.Collect$$libshutdown$$0000000F  c_p.l(libshutdown2.o)
    0x08000146   0x00000002   Code   RO          715    .ARM.Collect$$libshutdown$$00000010  c_p.l(libshutdown2.o)
    0x08000148   0x00000000   Code   RO          512    .ARM.Collect$$rtentry$$00000000  c_p.l(__rtentry.o)
    0x08000148   0x00000000   Code   RO          529    .ARM.Collect$$rtentry$$00000002  c_p.l(__rtentry2.o)
    0x08000148   0x00000006   Code   RO          541    .ARM.Collect$$rtentry$$00000004  c_p.l(__rtentry4.o)
    0x0800014e   0x00000000   Code   RO          531    .ARM.Collect$$rtentry$$00000009  c_p.l(__rtentry2.o)
    0x0800014e   0x00000004   Code   RO          532    .ARM.Collect$$rtentry$$0000000A  c_p.l(__rtentry2.o)
    0x08000152   0x00000000   Code   RO          534    .ARM.Collect$$rtentry$$0000000C  c_p.l(__rtentry2.o)
    0x08000152   0x00000008   Code   RO          535    .ARM.Collect$$rtentry$$0000000D  c_p.l(__rtentry2.o)
    0x0800015a   0x00000002   Code   RO          722    .ARM.Collect$$rtexit$$00000000  c_p.l(rtexit.o)
    0x0800015c   0x00000000   Code   RO          782    .ARM.Collect$$rtexit$$00000002  c_p.l(rtexit2.o)
    0x0800015c   0x00000004   Code   RO          783    .ARM.Collect$$rtexit$$00000003  c_p.l(rtexit2.o)
    0x08000160   0x00000006   Code   RO          784    .ARM.Collect$$rtexit$$00000004  c_p.l(rtexit2.o)
    0x08000166   0x00000002   PAD
    0x08000168   0x00000000   Code   RO          788    .emb_text           c_p.l(maybetermalloc1.o)
    0x08000168   0x00000038   Code   RO          412    .text               startup_stm32l053xx.o
    0x080001a0   0x0000001c   Code   RO          453    .text               c_p.l(noretval__2printf.o)
    0x080001bc   0x0000004e   Code   RO          457    .text               c_p.l(_printf_pad.o)
    0x0800020a   0x00000002   PAD
    0x0800020c   0x00000058   Code   RO          462    .text               c_p.l(_printf_hex_int.o)
    0x08000264   0x00000138   Code   RO          492    .text               c_p.l(__printf_flags_wp.o)
    0x0800039c   0x00000088   Code   RO          502    .text               c_p.l(strcmp.o)
    0x08000424   0x00000006   Code   RO          508    .text               c_p.l(heapauxi.o)
    0x0800042a   0x000000b0   Code   RO          517    .text               c_p.l(_printf_intcommon.o)
    0x080004da   0x00000002   PAD
    0x080004dc   0x00000028   Code   RO          519    .text               c_p.l(_printf_char_file.o)
    0x08000504   0x00000030   Code   RO          545    .text               c_p.l(_printf_char_common.o)
    0x08000534   0x00000008   Code   RO          547    .text               c_p.l(ferror.o)
    0x0800053c   0x0000013c   Code   RO          553    .text               c_p.l(initio.o)
    0x08000678   0x0000003e   Code   RO          563    .text               c_p.l(sys_stackheap_outer.o)
    0x080006b6   0x0000004c   Code   RO          568    .text               c_p.l(h1_free.o)
    0x08000702   0x00000002   PAD
    0x08000704   0x000001f0   Code   RO          624    .text               c_p.l(flsbuf.o)
    0x080008f4   0x0000004c   Code   RO          626    .text               c_p.l(setvbuf.o)
    0x08000940   0x000000e8   Code   RO          629    .text               c_p.l(fopen.o)
    0x08000a28   0x0000004c   Code   RO          631    .text               c_p.l(fclose.o)
    0x08000a74   0x00000010   Code   RO          637    .text               c_p.l(exit.o)
    0x08000a84   0x0000000c   Code   RO          643    .text               c_p.l(defsig_rtred_outer.o)
    0x08000a90   0x00000040   Code   RO          647    .text               c_p.l(rt_memclr.o)
    0x08000ad0   0x00000008   Code   RO          718    .text               c_p.l(libspace.o)
    0x08000ad8   0x00000008   Code   RO          729    .text               c_p.l(rt_heap_descriptor_intlibspace.o)
    0x08000ae0   0x00000004   Code   RO          731    .text               c_p.l(hguard.o)
    0x08000ae4   0x00000088   Code   RO          733    .text               c_p.l(init_alloc.o)
    0x08000b6c   0x00000062   Code   RO          739    .text               c_p.l(h1_alloc.o)
    0x08000bce   0x00000002   PAD
    0x08000bd0   0x000000f4   Code   RO          755    .text               c_p.l(fseek.o)
    0x08000cc4   0x000000f0   Code   RO          757    .text               c_p.l(stdio.o)
    0x08000db4   0x0000000c   Code   RO          763    .text               c_p.l(defsig_exit.o)
    0x08000dc0   0x00000034   Code   RO          767    .text               c_p.l(defsig_rtred_inner.o)
    0x08000df4   0x0000000c   Code   RO          779    .text               c_p.l(sys_exit.o)
    0x08000e00   0x0000000e   Code   RO          790    .text               c_p.l(h1_init.o)
    0x08000e0e   0x00000034   Code   RO          792    .text               c_p.l(h1_extend.o)
    0x08000e42   0x00000042   Code   RO          802    .text               c_p.l(ftell.o)
    0x08000e84   0x00000034   Code   RO          810    .text               c_p.l(defsig_general.o)
    0x08000eb8   0x0000000c   Code   RO          812    .text               c_p.l(defsig_rtmem_outer.o)
    0x08000ec4   0x0000000c   Code   RO          825    .text               c_p.l(sys_wrch.o)
    0x08000ed0   0x00000002   Code   RO          829    .text               c_p.l(use_no_semi.o)
    0x08000ed2   0x00000000   Code   RO          831    .text               c_p.l(indicate_semi.o)
    0x08000ed2   0x00000002   PAD
    0x08000ed4   0x00000008   Code   RO          835    .text               c_p.l(rt_errno_addr_intlibspace.o)
    0x08000edc   0x00000050   Code   RO          841    .text               c_p.l(defsig_rtmem_inner.o)
    0x08000f2c   0x00000060   Code   RO          866    .text               c_p.l(__dclz77c.o)
    0x08000f8c   0x0000001a   Code   RO          139    i.Addition          secops.o
    0x08000fa6   0x00000002   PAD
    0x08000fa8   0x00000024   Code   RO          202    i.ConfigureRNG      utils.o
    0x08000fcc   0x000001f4   Code   RO           73    i.MixCol            aes_funcs.o
    0x080011c0   0x00000100   Code   RO          140    i.Multiplication    secops.o
    0x080012c0   0x00000070   Code   RO          203    i.Print             utils.o
    0x08001330   0x000000b0   Code   RO           74    i.ShiftRows         aes_funcs.o
    0x080013e0   0x00000050   Code   RO           75    i.SubByte           aes_funcs.o
    0x08001430   0x0000005c   Code   RO           76    i.SubByte1          aes_funcs.o
    0x0800148c   0x00000110   Code   RO           77    i.SubByte2          aes_funcs.o
    0x0800159c   0x000000c8   Code   RO          284    i.SystemClock_Config  main.o
    0x08001664   0x00000068   Code   RO          419    i.SystemInit        system_stm32l0xx.o
    0x080016cc   0x0000000e   Code   RO          490    i._is_digit         c_p.l(__printf_wp.o)
    0x080016da   0x00000002   PAD
    0x080016dc   0x0000002c   Code   RO          339    i._sys_close        retarget_io.o
    0x08001708   0x00000028   Code   RO          340    i._sys_flen         retarget_io.o
    0x08001730   0x00000028   Code   RO          341    i._sys_istty        retarget_io.o
    0x08001758   0x00000070   Code   RO          342    i._sys_open         retarget_io.o
    0x080017c8   0x00000030   Code   RO          344    i._sys_seek         retarget_io.o
    0x080017f8   0x00000044   Code   RO          345    i._sys_write        retarget_io.o
    0x0800183c   0x0000006c   Code   RO           78    i.addRoundKey       aes_funcs.o
    0x080018a8   0x00000074   Code   RO          312    i.encrypt           raes.o
    0x0800191c   0x0000001e   Code   RO          550    i.fputc             c_p.l(fputc.o)
    0x0800193a   0x00000002   PAD
    0x0800193c   0x00000064   Code   RO          141    i.getnonzerorn      secops.o
    0x080019a0   0x0000000c   Code   RO          142    i.getrn             secops.o
    0x080019ac   0x00000022   Code   RO            3    i.gfexp             gfops.o
    0x080019ce   0x00000002   PAD
    0x080019d0   0x00000054   Code   RO            4    i.gfmult            gfops.o
    0x08001a24   0x00000044   Code   RO            5    i.gfmvmul           gfops.o
    0x08001a68   0x00000014   Code   RO            6    i.gftimes2          gfops.o
    0x08001a7c   0x00000130   Code   RO          269    i.main              main.o
    0x08001bac   0x00000080   Code   RO          204    i.mystdout_init     utils.o
    0x08001c2c   0x000001b4   Code   RO           79    i.nextKey           aes_funcs.o
    0x08001de0   0x00000028   Code   RO          144    i.qPow2             secops.o
    0x08001e08   0x00000040   Code   RO          145    i.qPow4             secops.o
    0x08001e48   0x0000003a   Code   RO          205    i.rdser             utils.o
    0x08001e82   0x00000002   PAD
    0x08001e84   0x00000084   Code   RO          313    i.share             raes.o
    0x08001f08   0x0000001c   Code   RO          206    i.stdin_getchar     utils.o
    0x08001f24   0x0000001c   Code   RO          207    i.stdout_putchar    utils.o
    0x08001f40   0x0000006c   Code   RO          208    i.str2hex           utils.o
    0x08001fac   0x00000017   Data   RO          346    .constdata          retarget_io.o
    0x08001fc3   0x00000028   Data   RO          463    .constdata          c_p.l(_printf_hex_int.o)
    0x08001feb   0x00000011   Data   RO          493    .constdata          c_p.l(__printf_flags_wp.o)
    0x08001ffc   0x00000020   Data   RO          864    Region$$Table       anon$$obj.o


    Execution Region RW_IRAM1 (Base: 0x20000000, Size: 0x00000a88, Max: 0x00002000, ABSOLUTE, COMPRESSED[0x00000328])

    Base Addr    Size         Type   Attr      Idx    E Section Name        Object

    0x20000000   0x00000300   Data   RW            7    .data               gfops.o
    0x20000300   0x0000001e   Data   RW          146    .data               secops.o
    0x2000031e   0x00000002   PAD
    0x20000320   0x00000004   Data   RW          525    .data               c_p.l(stdio_streams.o)
    0x20000324   0x00000004   Data   RW          526    .data               c_p.l(stdio_streams.o)
    0x20000328   0x00000004   Data   RW          527    .data               c_p.l(stdio_streams.o)
    0x2000032c   0x00000054   Zero   RW          522    .bss                c_p.l(stdio_streams.o)
    0x20000380   0x00000054   Zero   RW          523    .bss                c_p.l(stdio_streams.o)
    0x200003d4   0x00000054   Zero   RW          524    .bss                c_p.l(stdio_streams.o)
    0x20000428   0x00000060   Zero   RW          719    .bss                c_p.l(libspace.o)
    0x20000488   0x00000200   Zero   RW          410    HEAP                startup_stm32l053xx.o
    0x20000688   0x00000400   Zero   RW          409    STACK               startup_stm32l053xx.o


==============================================================================

Image component sizes


      Code (inc. data)   RO Data    RW Data    ZI Data      Debug   Object Name

      1664         26          0          0          0       6485   aes_funcs.o
       206         10          0        768          0       7417   gfops.o
       504         60          0          0          0       1772   main.o
       248          6          0          0          0       1758   raes.o
       352         50         23          0          0       5078   retarget_io.o
       498         32          0         30          0       4071   secops.o
        56         26        192          0       1536        648   startup_stm32l053xx.o
       104         16          0          0          0        477   system_stm32l0xx.o
       498         34          0          0          0       3926   utils.o

    ----------------------------------------------------------------------
      4136        260        247        800       1536      31632   Object Totals
         0          0         32          0          0          0   (incl. Generated)
         6          0          0          2          0          0   (incl. Padding)

    ----------------------------------------------------------------------

      Code (inc. data)   RO Data    RW Data    ZI Data      Debug   Library Member Name

        96          0          0          0          0          0   __dclz77c.o
         8          0          0          0          0         68   __main.o
       312          6         17          0          0         76   __printf_flags_wp.o
        14          0          0          0          0         60   __printf_wp.o
         0          0          0          0          0          0   __rtentry.o
        12          0          0          0          0          0   __rtentry2.o
         6          0          0          0          0          0   __rtentry4.o
        60          8          0          0          0          0   __scatter.o
        28          0          0          0          0          0   __scatter_zi.o
        48          6          0          0          0         88   _printf_char_common.o
        40          6          0          0          0         72   _printf_char_file.o
        88          4         40          0          0         72   _printf_hex_int.o
       176          0          0          0          0         84   _printf_intcommon.o
        78          0          0          0          0        100   _printf_pad.o
         2          0          0          0          0          0   _printf_percent.o
         4          0          0          0          0          0   _printf_percent_end.o
        10          0          0          0          0          0   _printf_x.o
        12          0          0          0          0         68   defsig_exit.o
        52          0          0          0          0         72   defsig_general.o
        80         58          0          0          0         68   defsig_rtmem_inner.o
        12          0          0          0          0         68   defsig_rtmem_outer.o
        52         38          0          0          0         68   defsig_rtred_inner.o
        12          0          0          0          0         68   defsig_rtred_outer.o
        16          0          0          0          0         68   exit.o
        76          4          0          0          0         76   fclose.o
         8          0          0          0          0         60   ferror.o
       496         10          0          0          0         76   flsbuf.o
       232          8          0          0          0        108   fopen.o
        30          0          0          0          0         68   fputc.o
       244          4          0          0          0         76   fseek.o
        66          0          0          0          0         68   ftell.o
        98          0          0          0          0         72   h1_alloc.o
        52          0          0          0          0         68   h1_extend.o
        76          0          0          0          0         72   h1_free.o
        14          0          0          0          0         76   h1_init.o
         6          0          0          0          0        136   heapauxi.o
         4          0          0          0          0        120   hguard.o
         0          0          0          0          0          0   indicate_semi.o
       136          0          0          0          0        160   init_alloc.o
       316         44          0          0          0         96   initio.o
         2          0          0          0          0          0   libinit.o
        14          0          0          0          0          0   libinit2.o
         2          0          0          0          0          0   libshutdown.o
         6          0          0          0          0          0   libshutdown2.o
         8          4          0          0         96         68   libspace.o
         0          0          0          0          0          0   maybetermalloc1.o
        28          6          0          0          0         84   noretval__2printf.o
         8          4          0          0          0         68   rt_errno_addr_intlibspace.o
         8          4          0          0          0         68   rt_heap_descriptor_intlibspace.o
        64          0          0          0          0        108   rt_memclr.o
         2          0          0          0          0          0   rtexit.o
        10          0          0          0          0          0   rtexit2.o
        76          4          0          0          0         72   setvbuf.o
       240          8          0          0          0        144   stdio.o
         0          0          0         12        252          0   stdio_streams.o
       136          4          0          0          0         72   strcmp.o
        12          4          0          0          0         60   sys_exit.o
        62          0          0          0          0         80   sys_stackheap_outer.o
        12          0          0          0          0         68   sys_wrch.o
         2          0          0          0          0         68   use_no_semi.o

    ----------------------------------------------------------------------
      3780        234         57         12        348       3392   Library Totals
        16          0          0          0          0          0   (incl. Padding)

    ----------------------------------------------------------------------

      Code (inc. data)   RO Data    RW Data    ZI Data      Debug   Library Name

      3764        234         57         12        348       3392   c_p.l

    ----------------------------------------------------------------------
      3780        234         57         12        348       3392   Library Totals

    ----------------------------------------------------------------------

==============================================================================


      Code (inc. data)   RO Data    RW Data    ZI Data      Debug   

      7916        494        304        812       1884      31928   Grand Totals
      7916        494        304        808       1884      31928   ELF Image Totals (compressed)
      7916        494        304        808          0          0   ROM Totals

==============================================================================

    Total RO  Size (Code + RO Data)                 8220 (   8.03kB)
    Total RW  Size (RW Data + ZI Data)              2696 (   2.63kB)
    Total ROM Size (Code + RO Data + RW Data)       9028 (   8.82kB)

==============================================================================

